Archive member included to satisfy reference by file (symbol)

f:/gnu mcu eclipse/arm embedded gcc/8.2.1-1.7-20190524-0603/bin/../lib/gcc/arm-none-eabi/8.2.1/../../../../arm-none-eabi/lib/thumb/v7-m/nofp\libc_nano.a(lib_a-exit.o)
                              f:/gnu mcu eclipse/arm embedded gcc/8.2.1-1.7-20190524-0603/bin/../lib/gcc/arm-none-eabi/8.2.1/../../../../arm-none-eabi/lib/thumb/v7-m/nofp/crt0.o (exit)
f:/gnu mcu eclipse/arm embedded gcc/8.2.1-1.7-20190524-0603/bin/../lib/gcc/arm-none-eabi/8.2.1/../../../../arm-none-eabi/lib/thumb/v7-m/nofp\libc_nano.a(lib_a-impure.o)
                              f:/gnu mcu eclipse/arm embedded gcc/8.2.1-1.7-20190524-0603/bin/../lib/gcc/arm-none-eabi/8.2.1/../../../../arm-none-eabi/lib/thumb/v7-m/nofp\libc_nano.a(lib_a-exit.o) (_global_impure_ptr)
f:/gnu mcu eclipse/arm embedded gcc/8.2.1-1.7-20190524-0603/bin/../lib/gcc/arm-none-eabi/8.2.1/../../../../arm-none-eabi/lib/thumb/v7-m/nofp\libc_nano.a(lib_a-init.o)
                              f:/gnu mcu eclipse/arm embedded gcc/8.2.1-1.7-20190524-0603/bin/../lib/gcc/arm-none-eabi/8.2.1/../../../../arm-none-eabi/lib/thumb/v7-m/nofp/crt0.o (__libc_init_array)
f:/gnu mcu eclipse/arm embedded gcc/8.2.1-1.7-20190524-0603/bin/../lib/gcc/arm-none-eabi/8.2.1/../../../../arm-none-eabi/lib/thumb/v7-m/nofp\libc_nano.a(lib_a-memset.o)
                              f:/gnu mcu eclipse/arm embedded gcc/8.2.1-1.7-20190524-0603/bin/../lib/gcc/arm-none-eabi/8.2.1/../../../../arm-none-eabi/lib/thumb/v7-m/nofp/crt0.o (memset)
f:/gnu mcu eclipse/arm embedded gcc/8.2.1-1.7-20190524-0603/bin/../lib/gcc/arm-none-eabi/8.2.1/../../../../arm-none-eabi/lib/thumb/v7-m/nofp\libnosys.a(_exit.o)
                              f:/gnu mcu eclipse/arm embedded gcc/8.2.1-1.7-20190524-0603/bin/../lib/gcc/arm-none-eabi/8.2.1/../../../../arm-none-eabi/lib/thumb/v7-m/nofp\libc_nano.a(lib_a-exit.o) (_exit)

Allocating common symbols
Common symbol       size              file

hUsbDeviceFS        0x224             build/usb_device.o
uwTick              0x4               build/stm32f1xx_hal.o
pFlash              0x20              build/stm32f1xx_hal_flash.o
UserRxBufferFS      0x3e8             build/usbd_cdc_if.o
UserTxBufferFS      0x3e8             build/usbd_cdc_if.o
hpcd_USB_FS         0x460             build/usbd_conf.o
USBD_StrDesc        0x200             build/usbd_desc.o

Discarded input sections

 .text          0x0000000000000000        0x0 f:/gnu mcu eclipse/arm embedded gcc/8.2.1-1.7-20190524-0603/bin/../lib/gcc/arm-none-eabi/8.2.1/thumb/v7-m/nofp/crti.o
 .data          0x0000000000000000        0x0 f:/gnu mcu eclipse/arm embedded gcc/8.2.1-1.7-20190524-0603/bin/../lib/gcc/arm-none-eabi/8.2.1/thumb/v7-m/nofp/crti.o
 .bss           0x0000000000000000        0x0 f:/gnu mcu eclipse/arm embedded gcc/8.2.1-1.7-20190524-0603/bin/../lib/gcc/arm-none-eabi/8.2.1/thumb/v7-m/nofp/crti.o
 .text          0x0000000000000000        0x0 f:/gnu mcu eclipse/arm embedded gcc/8.2.1-1.7-20190524-0603/bin/../lib/gcc/arm-none-eabi/8.2.1/thumb/v7-m/nofp/crtbegin.o
 .data          0x0000000000000000        0x0 f:/gnu mcu eclipse/arm embedded gcc/8.2.1-1.7-20190524-0603/bin/../lib/gcc/arm-none-eabi/8.2.1/thumb/v7-m/nofp/crtbegin.o
 .bss           0x0000000000000000        0x0 f:/gnu mcu eclipse/arm embedded gcc/8.2.1-1.7-20190524-0603/bin/../lib/gcc/arm-none-eabi/8.2.1/thumb/v7-m/nofp/crtbegin.o
 .data.__dso_handle
                0x0000000000000000        0x4 f:/gnu mcu eclipse/arm embedded gcc/8.2.1-1.7-20190524-0603/bin/../lib/gcc/arm-none-eabi/8.2.1/thumb/v7-m/nofp/crtbegin.o
 .text          0x0000000000000000       0x74 f:/gnu mcu eclipse/arm embedded gcc/8.2.1-1.7-20190524-0603/bin/../lib/gcc/arm-none-eabi/8.2.1/../../../../arm-none-eabi/lib/thumb/v7-m/nofp/crt0.o
 .data          0x0000000000000000        0x0 f:/gnu mcu eclipse/arm embedded gcc/8.2.1-1.7-20190524-0603/bin/../lib/gcc/arm-none-eabi/8.2.1/../../../../arm-none-eabi/lib/thumb/v7-m/nofp/crt0.o
 .bss           0x0000000000000000        0x0 f:/gnu mcu eclipse/arm embedded gcc/8.2.1-1.7-20190524-0603/bin/../lib/gcc/arm-none-eabi/8.2.1/../../../../arm-none-eabi/lib/thumb/v7-m/nofp/crt0.o
 .ARM.extab     0x0000000000000000        0x0 f:/gnu mcu eclipse/arm embedded gcc/8.2.1-1.7-20190524-0603/bin/../lib/gcc/arm-none-eabi/8.2.1/../../../../arm-none-eabi/lib/thumb/v7-m/nofp/crt0.o
 .ARM.exidx     0x0000000000000000        0x8 f:/gnu mcu eclipse/arm embedded gcc/8.2.1-1.7-20190524-0603/bin/../lib/gcc/arm-none-eabi/8.2.1/../../../../arm-none-eabi/lib/thumb/v7-m/nofp/crt0.o
 .ARM.attributes
                0x0000000000000000       0x1b f:/gnu mcu eclipse/arm embedded gcc/8.2.1-1.7-20190524-0603/bin/../lib/gcc/arm-none-eabi/8.2.1/../../../../arm-none-eabi/lib/thumb/v7-m/nofp/crt0.o
 .text          0x0000000000000000        0x0 build/main.o
 .data          0x0000000000000000        0x0 build/main.o
 .bss           0x0000000000000000        0x0 build/main.o
 .text          0x0000000000000000        0x0 build/gpio.o
[...]
Memory Configuration

Name             Origin             Length             Attributes
RAM              0x0000000020000000 0x0000000000005000 xrw
FLASH            0x0000000008000000 0x0000000000010000 xr
*default*        0x0000000000000000 0xffffffffffffffff

Linker script and memory map

LOAD f:/gnu mcu eclipse/arm embedded gcc/8.2.1-1.7-20190524-0603/bin/../lib/gcc/arm-none-eabi/8.2.1/thumb/v7-m/nofp/crti.o
LOAD f:/gnu mcu eclipse/arm embedded gcc/8.2.1-1.7-20190524-0603/bin/../lib/gcc/arm-none-eabi/8.2.1/thumb/v7-m/nofp/crtbegin.o
LOAD f:/gnu mcu eclipse/arm embedded gcc/8.2.1-1.7-20190524-0603/bin/../lib/gcc/arm-none-eabi/8.2.1/../../../../arm-none-eabi/lib/thumb/v7-m/nofp/crt0.o
LOAD build/main.o
LOAD build/gpio.o
LOAD build/stm32f1xx_it.o
LOAD build/stm32f1xx_hal_msp.o
LOAD build/stm32f1xx_hal_gpio_ex.o
LOAD build/stm32f1xx_hal_tim.o
LOAD build/stm32f1xx_hal_tim_ex.o
LOAD build/stm32f1xx_hal.o
LOAD build/stm32f1xx_hal_rcc.o
LOAD build/stm32f1xx_hal_rcc_ex.o
LOAD build/stm32f1xx_hal_gpio.o
LOAD build/stm32f1xx_hal_dma.o
LOAD build/stm32f1xx_hal_cortex.o
LOAD build/stm32f1xx_hal_pwr.o
LOAD build/stm32f1xx_hal_flash.o
LOAD build/stm32f1xx_hal_flash_ex.o
LOAD build/system_stm32f1xx.o
LOAD build/usb_device.o
LOAD build/usbd_conf.o
LOAD build/usbd_desc.o
LOAD build/usbd_cdc_if.o
LOAD build/stm32f1xx_hal_pcd.o
LOAD build/stm32f1xx_hal_pcd_ex.o
LOAD build/stm32f1xx_ll_usb.o
LOAD build/usbd_core.o
LOAD build/usbd_ctlreq.o
LOAD build/usbd_ioreq.o
LOAD build/usbd_cdc.o
LOAD build/startup_stm32f103xb.o
LOAD f:/gnu mcu eclipse/arm embedded gcc/8.2.1-1.7-20190524-0603/bin/../lib/gcc/arm-none-eabi/8.2.1/../../../../arm-none-eabi/lib/thumb/v7-m/nofp\libc_nano.a
LOAD f:/gnu mcu eclipse/arm embedded gcc/8.2.1-1.7-20190524-0603/bin/../lib/gcc/arm-none-eabi/8.2.1/../../../../arm-none-eabi/lib/thumb/v7-m/nofp\libm.a
LOAD f:/gnu mcu eclipse/arm embedded gcc/8.2.1-1.7-20190524-0603/bin/../lib/gcc/arm-none-eabi/8.2.1/../../../../arm-none-eabi/lib/thumb/v7-m/nofp\libnosys.a
START GROUP
LOAD f:/gnu mcu eclipse/arm embedded gcc/8.2.1-1.7-20190524-0603/bin/../lib/gcc/arm-none-eabi/8.2.1/thumb/v7-m/nofp\libgcc.a
LOAD f:/gnu mcu eclipse/arm embedded gcc/8.2.1-1.7-20190524-0603/bin/../lib/gcc/arm-none-eabi/8.2.1/../../../../arm-none-eabi/lib/thumb/v7-m/nofp\libc_nano.a
END GROUP
START GROUP
LOAD f:/gnu mcu eclipse/arm embedded gcc/8.2.1-1.7-20190524-0603/bin/../lib/gcc/arm-none-eabi/8.2.1/thumb/v7-m/nofp\libgcc.a
LOAD f:/gnu mcu eclipse/arm embedded gcc/8.2.1-1.7-20190524-0603/bin/../lib/gcc/arm-none-eabi/8.2.1/../../../../arm-none-eabi/lib/thumb/v7-m/nofp\libc_nano.a
END GROUP
LOAD f:/gnu mcu eclipse/arm embedded gcc/8.2.1-1.7-20190524-0603/bin/../lib/gcc/arm-none-eabi/8.2.1/thumb/v7-m/nofp/crtend.o
LOAD f:/gnu mcu eclipse/arm embedded gcc/8.2.1-1.7-20190524-0603/bin/../lib/gcc/arm-none-eabi/8.2.1/thumb/v7-m/nofp/crtn.o
                0x0000000020005000                _estack = 0x20005000
                0x0000000000000200                _Min_Heap_Size = 0x200
                0x0000000000000400                _Min_Stack_Size = 0x400

.isr_vector     0x0000000008000000      0x10c
                0x0000000008000000                . = ALIGN (0x4)
 *(.isr_vector)
 .isr_vector    0x0000000008000000      0x10c build/startup_stm32f103xb.o
                0x0000000008000000                g_pfnVectors
                0x000000000800010c                . = ALIGN (0x4)

.text           0x000000000800010c     0x2db8
                0x000000000800010c                . = ALIGN (0x4)
 *(.text)
 *(.text*)
 .text.deregister_tm_clones
                0x000000000800010c       0x1c f:/gnu mcu eclipse/arm embedded gcc/8.2.1-1.7-20190524-0603/bin/../lib/gcc/arm-none-eabi/8.2.1/thumb/v7-m/nofp/crtbegin.o
 .text.register_tm_clones
                0x0000000008000128       0x24 f:/gnu mcu eclipse/arm embedded gcc/8.2.1-1.7-20190524-0603/bin/../lib/gcc/arm-none-eabi/8.2.1/thumb/v7-m/nofp/crtbegin.o
 .text.__do_global_dtors_aux
                0x000000000800014c       0x28 f:/gnu mcu eclipse/arm embedded gcc/8.2.1-1.7-20190524-0603/bin/../lib/gcc/arm-none-eabi/8.2.1/thumb/v7-m/nofp/crtbegin.o
 .text.frame_dummy
                0x0000000008000174       0x24 f:/gnu mcu eclipse/arm embedded gcc/8.2.1-1.7-20190524-0603/bin/../lib/gcc/arm-none-eabi/8.2.1/thumb/v7-m/nofp/crtbegin.o
 .text.SystemClock_Config
                0x0000000008000198       0x66 build/main.o
                0x0000000008000198                SystemClock_Config
 .text.main     0x00000000080001fe       0x14 build/main.o
                0x00000000080001fe                main
 .text.Error_Handler
                0x0000000008000212        0x2 build/main.o
                0x0000000008000212                Error_Handler
 .text.MX_GPIO_Init
                0x0000000008000214       0x78 build/gpio.o
                0x0000000008000214                MX_GPIO_Init
 .text.NMI_Handler
                0x000000000800028c        0x2 build/stm32f1xx_it.o
                0x000000000800028c                NMI_Handler
 .text.HardFault_Handler
                0x000000000800028e        0x2 build/stm32f1xx_it.o
                0x000000000800028e                HardFault_Handler
 .text.MemManage_Handler
                0x0000000008000290        0x2 build/stm32f1xx_it.o
                0x0000000008000290                MemManage_Handler
 .text.BusFault_Handler
                0x0000000008000292        0x2 build/stm32f1xx_it.o
                0x0000000008000292                BusFault_Handler
 .text.UsageFault_Handler
                0x0000000008000294        0x2 build/stm32f1xx_it.o
                0x0000000008000294                UsageFault_Handler
 .text.SVC_Handler
                0x0000000008000296        0x2 build/stm32f1xx_it.o
                0x0000000008000296                SVC_Handler
 .text.DebugMon_Handler
                0x0000000008000298        0x2 build/stm32f1xx_it.o
                0x0000000008000298                DebugMon_Handler
 .text.PendSV_Handler
                0x000000000800029a        0x2 build/stm32f1xx_it.o
                0x000000000800029a                PendSV_Handler
 .text.SysTick_Handler
                0x000000000800029c        0x8 build/stm32f1xx_it.o
                0x000000000800029c                SysTick_Handler
 .text.USB_LP_CAN1_RX0_IRQHandler
                0x00000000080002a4       0x10 build/stm32f1xx_it.o
                0x00000000080002a4                USB_LP_CAN1_RX0_IRQHandler
 .text.HAL_MspInit
                0x00000000080002b4       0x44 build/stm32f1xx_hal_msp.o
                0x00000000080002b4                HAL_MspInit
 .text.HAL_InitTick
                0x00000000080002f8       0x4c build/stm32f1xx_hal.o
                0x00000000080002f8                HAL_InitTick
 .text.HAL_Init
                0x0000000008000344       0x24 build/stm32f1xx_hal.o
                0x0000000008000344                HAL_Init
 .text.HAL_IncTick
                0x0000000008000368       0x18 build/stm32f1xx_hal.o
                0x0000000008000368                HAL_IncTick
 .text.HAL_GetTick
                0x0000000008000380        0xc build/stm32f1xx_hal.o
                0x0000000008000380                HAL_GetTick
 .text.RCC_Delay
                0x000000000800038c       0x2c build/stm32f1xx_hal_rcc.o
 .text.HAL_RCC_OscConfig
                0x00000000080003b8      0x3e0 build/stm32f1xx_hal_rcc.o
                0x00000000080003b8                HAL_RCC_OscConfig
 .text.HAL_RCC_GetSysClockFreq
                0x0000000008000798       0x70 build/stm32f1xx_hal_rcc.o
                0x0000000008000798                HAL_RCC_GetSysClockFreq
 .text.HAL_RCC_ClockConfig
                0x0000000008000808      0x19c build/stm32f1xx_hal_rcc.o
                0x0000000008000808                HAL_RCC_ClockConfig
 .text.HAL_RCCEx_PeriphCLKConfig
                0x00000000080009a4      0x114 build/stm32f1xx_hal_rcc_ex.o
                0x00000000080009a4                HAL_RCCEx_PeriphCLKConfig
 .text.HAL_GPIO_Init
                0x0000000008000ab8      0x1d4 build/stm32f1xx_hal_gpio.o
                0x0000000008000ab8                HAL_GPIO_Init
 .text.HAL_GPIO_WritePin
                0x0000000008000c8c        0xc build/stm32f1xx_hal_gpio.o
                0x0000000008000c8c                HAL_GPIO_WritePin
 .text.HAL_NVIC_SetPriorityGrouping
                0x0000000008000c98       0x24 build/stm32f1xx_hal_cortex.o
                0x0000000008000c98                HAL_NVIC_SetPriorityGrouping
 .text.HAL_NVIC_SetPriority
                0x0000000008000cbc       0x68 build/stm32f1xx_hal_cortex.o
                0x0000000008000cbc                HAL_NVIC_SetPriority
 .text.HAL_NVIC_EnableIRQ
                0x0000000008000d24       0x18 build/stm32f1xx_hal_cortex.o
                0x0000000008000d24                HAL_NVIC_EnableIRQ
 .text.HAL_SYSTICK_Config
                0x0000000008000d3c       0x2c build/stm32f1xx_hal_cortex.o
                0x0000000008000d3c                HAL_SYSTICK_Config
 .text.SystemInit
                0x0000000008000d68       0x4c build/system_stm32f1xx.o
                0x0000000008000d68                SystemInit
 .text.MX_USB_DEVICE_Init
                0x0000000008000db4       0x38 build/usb_device.o
                0x0000000008000db4                MX_USB_DEVICE_Init
 .text.HAL_PCD_MspInit
                0x0000000008000dec       0x40 build/usbd_conf.o
                0x0000000008000dec                HAL_PCD_MspInit
 .text.HAL_PCD_SetupStageCallback
                0x0000000008000e2c       0x10 build/usbd_conf.o
                0x0000000008000e2c                HAL_PCD_SetupStageCallback
 .text.HAL_PCD_DataOutStageCallback
                0x0000000008000e3c       0x14 build/usbd_conf.o
                0x0000000008000e3c                HAL_PCD_DataOutStageCallback
 .text.HAL_PCD_DataInStageCallback
                0x0000000008000e50       0x12 build/usbd_conf.o
                0x0000000008000e50                HAL_PCD_DataInStageCallback
 .text.HAL_PCD_SOFCallback
                0x0000000008000e62        0xc build/usbd_conf.o
                0x0000000008000e62                HAL_PCD_SOFCallback
 .text.HAL_PCD_ResetCallback
                0x0000000008000e6e       0x18 build/usbd_conf.o
                0x0000000008000e6e                HAL_PCD_ResetCallback
 *fill*         0x0000000008000e86        0x2 
 .text.HAL_PCD_SuspendCallback
                0x0000000008000e88       0x20 build/usbd_conf.o
                0x0000000008000e88                HAL_PCD_SuspendCallback
 .text.HAL_PCD_ResumeCallback
                0x0000000008000ea8        0xc build/usbd_conf.o
                0x0000000008000ea8                HAL_PCD_ResumeCallback
 .text.USBD_LL_Init
                0x0000000008000eb4       0x88 build/usbd_conf.o
                0x0000000008000eb4                USBD_LL_Init
 .text.USBD_LL_Start
                0x0000000008000f3c       0x22 build/usbd_conf.o
                0x0000000008000f3c                USBD_LL_Start
 .text.USBD_LL_OpenEP
                0x0000000008000f5e       0x28 build/usbd_conf.o
                0x0000000008000f5e                USBD_LL_OpenEP
 .text.USBD_LL_CloseEP
                0x0000000008000f86       0x22 build/usbd_conf.o
                0x0000000008000f86                USBD_LL_CloseEP
 .text.USBD_LL_StallEP
                0x0000000008000fa8       0x22 build/usbd_conf.o
                0x0000000008000fa8                USBD_LL_StallEP
 .text.USBD_LL_ClearStallEP
                0x0000000008000fca       0x22 build/usbd_conf.o
                0x0000000008000fca                USBD_LL_ClearStallEP
 .text.USBD_LL_IsStallEP
                0x0000000008000fec       0x26 build/usbd_conf.o
                0x0000000008000fec                USBD_LL_IsStallEP
 .text.USBD_LL_SetUSBAddress
                0x0000000008001012       0x22 build/usbd_conf.o
                0x0000000008001012                USBD_LL_SetUSBAddress
 .text.USBD_LL_Transmit
                0x0000000008001034       0x22 build/usbd_conf.o
                0x0000000008001034                USBD_LL_Transmit
 .text.USBD_LL_PrepareReceive
                0x0000000008001056       0x22 build/usbd_conf.o
                0x0000000008001056                USBD_LL_PrepareReceive
 .text.USBD_LL_GetRxDataSize
                0x0000000008001078        0xc build/usbd_conf.o
                0x0000000008001078                USBD_LL_GetRxDataSize
 .text.USBD_static_malloc
                0x0000000008001084        0x8 build/usbd_conf.o
                0x0000000008001084                USBD_static_malloc
 .text.USBD_static_free
                0x000000000800108c        0x2 build/usbd_conf.o
                0x000000000800108c                USBD_static_free
 .text.HAL_PCDEx_SetConnectionState
                0x000000000800108e        0x2 build/usbd_conf.o
                0x000000000800108e                HAL_PCDEx_SetConnectionState
 .text.USBD_FS_DeviceDescriptor
                0x0000000008001090        0xc build/usbd_desc.o
                0x0000000008001090                USBD_FS_DeviceDescriptor
 .text.USBD_FS_LangIDStrDescriptor
                0x000000000800109c        0xc build/usbd_desc.o
                0x000000000800109c                USBD_FS_LangIDStrDescriptor
 .text.USBD_FS_ProductStrDescriptor
                0x00000000080010a8       0x24 build/usbd_desc.o
                0x00000000080010a8                USBD_FS_ProductStrDescriptor
 .text.USBD_FS_ManufacturerStrDescriptor
                0x00000000080010cc       0x1c build/usbd_desc.o
                0x00000000080010cc                USBD_FS_ManufacturerStrDescriptor
 .text.USBD_FS_SerialStrDescriptor
                0x00000000080010e8       0x24 build/usbd_desc.o
                0x00000000080010e8                USBD_FS_SerialStrDescriptor
 .text.USBD_FS_ConfigStrDescriptor
                0x000000000800110c       0x24 build/usbd_desc.o
                0x000000000800110c                USBD_FS_ConfigStrDescriptor
 .text.USBD_FS_InterfaceStrDescriptor
                0x0000000008001130       0x24 build/usbd_desc.o
                0x0000000008001130                USBD_FS_InterfaceStrDescriptor
 .text.CDC_DeInit_FS
                0x0000000008001154        0x4 build/usbd_cdc_if.o
 .text.CDC_Control_FS
                0x0000000008001158        0x4 build/usbd_cdc_if.o
 .text.CDC_Receive_FS
                0x000000000800115c       0x1c build/usbd_cdc_if.o
 .text.CDC_Init_FS
                0x0000000008001178       0x28 build/usbd_cdc_if.o
 .text.HAL_PCD_Init
                0x00000000080011a0       0xd6 build/stm32f1xx_hal_pcd.o
                0x00000000080011a0                HAL_PCD_Init
 .text.HAL_PCD_Start
                0x0000000008001276       0x2e build/stm32f1xx_hal_pcd.o
                0x0000000008001276                HAL_PCD_Start
 .text.HAL_PCD_SetAddress
                0x00000000080012a4       0x28 build/stm32f1xx_hal_pcd.o
                0x00000000080012a4                HAL_PCD_SetAddress
 .text.HAL_PCD_EP_Open
                0x00000000080012cc       0x52 build/stm32f1xx_hal_pcd.o
                0x00000000080012cc                HAL_PCD_EP_Open
 .text.HAL_PCD_EP_Close
                0x000000000800131e       0x4e build/stm32f1xx_hal_pcd.o
                0x000000000800131e                HAL_PCD_EP_Close
 .text.HAL_PCD_EP_Receive
                0x000000000800136c       0x3e build/stm32f1xx_hal_pcd.o
                0x000000000800136c                HAL_PCD_EP_Receive
 .text.HAL_PCD_EP_GetRxCount
                0x00000000080013aa        0xe build/stm32f1xx_hal_pcd.o
                0x00000000080013aa                HAL_PCD_EP_GetRxCount
 .text.HAL_PCD_EP_Transmit
                0x00000000080013b8       0x3c build/stm32f1xx_hal_pcd.o
                0x00000000080013b8                HAL_PCD_EP_Transmit
 .text.PCD_EP_ISR_Handler
                0x00000000080013f4      0x458 build/stm32f1xx_hal_pcd.o
 .text.HAL_PCD_IRQHandler
                0x000000000800184c      0x160 build/stm32f1xx_hal_pcd.o
                0x000000000800184c                HAL_PCD_IRQHandler
 .text.HAL_PCD_EP_SetStall
                0x00000000080019ac       0x5c build/stm32f1xx_hal_pcd.o
                0x00000000080019ac                HAL_PCD_EP_SetStall
 .text.HAL_PCD_EP_ClrStall
                0x0000000008001a08       0x4e build/stm32f1xx_hal_pcd.o
                0x0000000008001a08                HAL_PCD_EP_ClrStall
 .text.HAL_PCDEx_PMAConfig
                0x0000000008001a56       0x30 build/stm32f1xx_hal_pcd_ex.o
                0x0000000008001a56                HAL_PCDEx_PMAConfig
 .text.USB_CoreInit
                0x0000000008001a86        0xe build/stm32f1xx_ll_usb.o
                0x0000000008001a86                USB_CoreInit
 .text.USB_EnableGlobalInt
                0x0000000008001a94       0x10 build/stm32f1xx_ll_usb.o
                0x0000000008001a94                USB_EnableGlobalInt
 .text.USB_DisableGlobalInt
                0x0000000008001aa4       0x14 build/stm32f1xx_ll_usb.o
                0x0000000008001aa4                USB_DisableGlobalInt
 .text.USB_SetCurrentMode
                0x0000000008001ab8        0x4 build/stm32f1xx_ll_usb.o
                0x0000000008001ab8                USB_SetCurrentMode
 .text.USB_DevInit
                0x0000000008001abc       0x2c build/stm32f1xx_ll_usb.o
                0x0000000008001abc                USB_DevInit
 .text.USB_ActivateEndpoint
                0x0000000008001ae8      0x328 build/stm32f1xx_ll_usb.o
                0x0000000008001ae8                USB_ActivateEndpoint
 .text.USB_DeactivateEndpoint
                0x0000000008001e10      0x1c4 build/stm32f1xx_ll_usb.o
                0x0000000008001e10                USB_DeactivateEndpoint
 .text.USB_EPSetStall
                0x0000000008001fd4       0x6e build/stm32f1xx_ll_usb.o
                0x0000000008001fd4                USB_EPSetStall
 .text.USB_EPClearStall
                0x0000000008002042       0x92 build/stm32f1xx_ll_usb.o
                0x0000000008002042                USB_EPClearStall
 .text.USB_SetDevAddress
                0x00000000080020d4        0xc build/stm32f1xx_ll_usb.o
                0x00000000080020d4                USB_SetDevAddress
 .text.USB_DevConnect
                0x00000000080020e0        0x4 build/stm32f1xx_ll_usb.o
                0x00000000080020e0                USB_DevConnect
 .text.USB_DevDisconnect
                0x00000000080020e4        0x4 build/stm32f1xx_ll_usb.o
                0x00000000080020e4                USB_DevDisconnect
 .text.USB_ReadInterrupts
                0x00000000080020e8        0x6 build/stm32f1xx_ll_usb.o
                0x00000000080020e8                USB_ReadInterrupts
 .text.USB_EP0_OutStart
                0x00000000080020ee        0x4 build/stm32f1xx_ll_usb.o
                0x00000000080020ee                USB_EP0_OutStart
 .text.USB_WritePMA
                0x00000000080020f2       0x2a build/stm32f1xx_ll_usb.o
                0x00000000080020f2                USB_WritePMA
 .text.USB_EPStartXfer
                0x000000000800211c      0x2ba build/stm32f1xx_ll_usb.o
                0x000000000800211c                USB_EPStartXfer
 .text.USB_ReadPMA
                0x00000000080023d6       0x1c build/stm32f1xx_ll_usb.o
                0x00000000080023d6                USB_ReadPMA
 .text.USBD_Init
                0x00000000080023f2       0x2e build/usbd_core.o
                0x00000000080023f2                USBD_Init
 .text.USBD_RegisterClass
                0x0000000008002420        0xe build/usbd_core.o
                0x0000000008002420                USBD_RegisterClass
 .text.USBD_Start
                0x000000000800242e        0xa build/usbd_core.o
                0x000000000800242e                USBD_Start
 .text.USBD_SetClassConfig
                0x0000000008002438       0x1a build/usbd_core.o
                0x0000000008002438                USBD_SetClassConfig
 .text.USBD_ClrClassConfig
                0x0000000008002452        0xe build/usbd_core.o
                0x0000000008002452                USBD_ClrClassConfig
 .text.USBD_LL_SetupStage
                0x0000000008002460       0x5c build/usbd_core.o
                0x0000000008002460                USBD_LL_SetupStage
 .text.USBD_LL_DataOutStage
                0x00000000080024bc       0x6c build/usbd_core.o
                0x00000000080024bc                USBD_LL_DataOutStage
 .text.USBD_LL_DataInStage
                0x0000000008002528       0xb2 build/usbd_core.o
                0x0000000008002528                USBD_LL_DataInStage
 .text.USBD_LL_Reset
                0x00000000080025da       0x3e build/usbd_core.o
                0x00000000080025da                USBD_LL_Reset
 .text.USBD_LL_SetSpeed
                0x0000000008002618        0x6 build/usbd_core.o
                0x0000000008002618                USBD_LL_SetSpeed
 .text.USBD_LL_Suspend
                0x000000000800261e       0x12 build/usbd_core.o
                0x000000000800261e                USBD_LL_Suspend
 .text.USBD_LL_Resume
                0x0000000008002630        0xc build/usbd_core.o
                0x0000000008002630                USBD_LL_Resume
 .text.USBD_LL_SOF
                0x000000000800263c       0x1c build/usbd_core.o
                0x000000000800263c                USBD_LL_SOF
 .text.USBD_GetLen
                0x0000000008002658       0x12 build/usbd_ctlreq.o
 .text.USBD_SetFeature
                0x000000000800266a       0x20 build/usbd_ctlreq.o
 .text.USBD_ParseSetupRequest
                0x000000000800268a       0x28 build/usbd_ctlreq.o
                0x000000000800268a                USBD_ParseSetupRequest
 .text.USBD_CtlError
                0x00000000080026b2       0x14 build/usbd_ctlreq.o
                0x00000000080026b2                USBD_CtlError
 .text.USBD_GetDescriptor
                0x00000000080026c6      0x132 build/usbd_ctlreq.o
 .text.USBD_SetAddress
                0x00000000080027f8       0x4a build/usbd_ctlreq.o
 *fill*         0x0000000008002842        0x2 
 .text.USBD_SetConfig
                0x0000000008002844       0xa4 build/usbd_ctlreq.o
 .text.USBD_GetConfig
                0x00000000080028e8       0x3a build/usbd_ctlreq.o
 .text.USBD_GetStatus
                0x0000000008002922       0x2c build/usbd_ctlreq.o
 .text.USBD_ClrFeature
                0x000000000800294e       0x30 build/usbd_ctlreq.o
 .text.USBD_StdDevReq
                0x000000000800297e       0x48 build/usbd_ctlreq.o
                0x000000000800297e                USBD_StdDevReq
 .text.USBD_StdItfReq
                0x00000000080029c6       0x36 build/usbd_ctlreq.o
                0x00000000080029c6                USBD_StdItfReq
 .text.USBD_StdEPReq
                0x00000000080029fc      0x126 build/usbd_ctlreq.o
                0x00000000080029fc                USBD_StdEPReq
 .text.USBD_GetString
                0x0000000008002b22       0x38 build/usbd_ctlreq.o
                0x0000000008002b22                USBD_GetString
 .text.USBD_CtlSendData
                0x0000000008002b5a       0x1a build/usbd_ioreq.o
                0x0000000008002b5a                USBD_CtlSendData
 .text.USBD_CtlContinueSendData
                0x0000000008002b74       0x10 build/usbd_ioreq.o
                0x0000000008002b74                USBD_CtlContinueSendData
 .text.USBD_CtlPrepareRx
                0x0000000008002b84       0x1e build/usbd_ioreq.o
                0x0000000008002b84                USBD_CtlPrepareRx
 .text.USBD_CtlContinueRx
                0x0000000008002ba2       0x10 build/usbd_ioreq.o
                0x0000000008002ba2                USBD_CtlContinueRx
 .text.USBD_CtlSendStatus
                0x0000000008002bb2       0x16 build/usbd_ioreq.o
                0x0000000008002bb2                USBD_CtlSendStatus
 .text.USBD_CtlReceiveStatus
                0x0000000008002bc8       0x16 build/usbd_ioreq.o
                0x0000000008002bc8                USBD_CtlReceiveStatus
 .text.USBD_CDC_DataIn
                0x0000000008002bde       0x12 build/usbd_cdc.o
 .text.USBD_CDC_EP0_RxReady
                0x0000000008002bf0       0x28 build/usbd_cdc.o
 .text.USBD_CDC_GetFSCfgDesc
                0x0000000008002c18        0xc build/usbd_cdc.o
 .text.USBD_CDC_GetHSCfgDesc
                0x0000000008002c24        0xc build/usbd_cdc.o
 .text.USBD_CDC_GetOtherSpeedCfgDesc
                0x0000000008002c30        0xc build/usbd_cdc.o
 .text.USBD_CDC_GetDeviceQualifierDescriptor
                0x0000000008002c3c        0xc build/usbd_cdc.o
                0x0000000008002c3c                USBD_CDC_GetDeviceQualifierDescriptor
 .text.USBD_CDC_DataOut
                0x0000000008002c48       0x2e build/usbd_cdc.o
 *fill*         0x0000000008002c76        0x2 
 .text.USBD_CDC_Setup
                0x0000000008002c78       0x74 build/usbd_cdc.o
 .text.USBD_CDC_DeInit
                0x0000000008002cec       0x3a build/usbd_cdc.o
 .text.USBD_CDC_Init
                0x0000000008002d26       0x96 build/usbd_cdc.o
 .text.USBD_CDC_RegisterInterface
                0x0000000008002dbc        0xe build/usbd_cdc.o
                0x0000000008002dbc                USBD_CDC_RegisterInterface
 .text.USBD_CDC_SetTxBuffer
                0x0000000008002dca       0x10 build/usbd_cdc.o
                0x0000000008002dca                USBD_CDC_SetTxBuffer
 .text.USBD_CDC_SetRxBuffer
                0x0000000008002dda        0xc build/usbd_cdc.o
                0x0000000008002dda                USBD_CDC_SetRxBuffer
 .text.USBD_CDC_ReceivePacket
                0x0000000008002de6       0x30 build/usbd_cdc.o
                0x0000000008002de6                USBD_CDC_ReceivePacket
 *fill*         0x0000000008002e16        0x2 
 .text.Reset_Handler
                0x0000000008002e18       0x48 build/startup_stm32f103xb.o
                0x0000000008002e18                Reset_Handler
 .text.Default_Handler
                0x0000000008002e60        0x2 build/startup_stm32f103xb.o
                0x0000000008002e60                RTC_Alarm_IRQHandler
                0x0000000008002e60                EXTI2_IRQHandler
                0x0000000008002e60                TIM1_CC_IRQHandler
                0x0000000008002e60                PVD_IRQHandler
                0x0000000008002e60                EXTI3_IRQHandler
                0x0000000008002e60                EXTI0_IRQHandler
                0x0000000008002e60                I2C2_EV_IRQHandler
                0x0000000008002e60                ADC1_2_IRQHandler
                0x0000000008002e60                SPI1_IRQHandler
                0x0000000008002e60                TAMPER_IRQHandler
                0x0000000008002e60                DMA1_Channel4_IRQHandler
                0x0000000008002e60                USART3_IRQHandler
                0x0000000008002e60                RTC_IRQHandler
                0x0000000008002e60                DMA1_Channel7_IRQHandler
                0x0000000008002e60                CAN1_RX1_IRQHandler
                0x0000000008002e60                TIM4_IRQHandler
                0x0000000008002e60                I2C1_EV_IRQHandler
                0x0000000008002e60                DMA1_Channel6_IRQHandler
                0x0000000008002e60                TIM3_IRQHandler
                0x0000000008002e60                RCC_IRQHandler
                0x0000000008002e60                TIM1_TRG_COM_IRQHandler
                0x0000000008002e60                DMA1_Channel1_IRQHandler
                0x0000000008002e60                Default_Handler
                0x0000000008002e60                EXTI15_10_IRQHandler
                0x0000000008002e60                EXTI9_5_IRQHandler
                0x0000000008002e60                SPI2_IRQHandler
                0x0000000008002e60                DMA1_Channel5_IRQHandler
                0x0000000008002e60                EXTI4_IRQHandler
                0x0000000008002e60                USB_HP_CAN1_TX_IRQHandler
                0x0000000008002e60                DMA1_Channel3_IRQHandler
                0x0000000008002e60                TIM1_UP_IRQHandler
                0x0000000008002e60                WWDG_IRQHandler
                0x0000000008002e60                TIM2_IRQHandler
                0x0000000008002e60                TIM1_BRK_IRQHandler
                0x0000000008002e60                EXTI1_IRQHandler
                0x0000000008002e60                USART2_IRQHandler
                0x0000000008002e60                I2C2_ER_IRQHandler
                0x0000000008002e60                DMA1_Channel2_IRQHandler
                0x0000000008002e60                CAN1_SCE_IRQHandler
                0x0000000008002e60                FLASH_IRQHandler
                0x0000000008002e60                USART1_IRQHandler
                0x0000000008002e60                I2C1_ER_IRQHandler
                0x0000000008002e60                USBWakeUp_IRQHandler
 *fill*         0x0000000008002e62        0x2 
 .text.__libc_init_array
                0x0000000008002e64       0x48 f:/gnu mcu eclipse/arm embedded gcc/8.2.1-1.7-20190524-0603/bin/../lib/gcc/arm-none-eabi/8.2.1/../../../../arm-none-eabi/lib/thumb/v7-m/nofp\libc_nano.a(lib_a-init.o)
                0x0000000008002e64                __libc_init_array
 *(.glue_7)
 .glue_7        0x0000000008002eac        0x0 linker stubs
 *(.glue_7t)
 .glue_7t       0x0000000008002eac        0x0 linker stubs
 *(.eh_frame)
 .eh_frame      0x0000000008002eac        0x0 f:/gnu mcu eclipse/arm embedded gcc/8.2.1-1.7-20190524-0603/bin/../lib/gcc/arm-none-eabi/8.2.1/thumb/v7-m/nofp/crtbegin.o
 *(.init)
 .init          0x0000000008002eac        0x4 f:/gnu mcu eclipse/arm embedded gcc/8.2.1-1.7-20190524-0603/bin/../lib/gcc/arm-none-eabi/8.2.1/thumb/v7-m/nofp/crti.o
                0x0000000008002eac                _init
 .init          0x0000000008002eb0        0x8 f:/gnu mcu eclipse/arm embedded gcc/8.2.1-1.7-20190524-0603/bin/../lib/gcc/arm-none-eabi/8.2.1/thumb/v7-m/nofp/crtn.o
 *(.fini)
 .fini          0x0000000008002eb8        0x4 f:/gnu mcu eclipse/arm embedded gcc/8.2.1-1.7-20190524-0603/bin/../lib/gcc/arm-none-eabi/8.2.1/thumb/v7-m/nofp/crti.o
                0x0000000008002eb8                _fini
 .fini          0x0000000008002ebc        0x8 f:/gnu mcu eclipse/arm embedded gcc/8.2.1-1.7-20190524-0603/bin/../lib/gcc/arm-none-eabi/8.2.1/thumb/v7-m/nofp/crtn.o
                0x0000000008002ec4                . = ALIGN (0x4)
                0x0000000008002ec4                _etext = .

.vfp11_veneer   0x0000000008002ec4        0x0
 .vfp11_veneer  0x0000000008002ec4        0x0 linker stubs

.v4_bx          0x0000000008002ec4        0x0
 .v4_bx         0x0000000008002ec4        0x0 linker stubs

.iplt           0x0000000008002ec4        0x0
 .iplt          0x0000000008002ec4        0x0 f:/gnu mcu eclipse/arm embedded gcc/8.2.1-1.7-20190524-0603/bin/../lib/gcc/arm-none-eabi/8.2.1/thumb/v7-m/nofp/crtbegin.o

.rodata         0x0000000008002ec4       0x7c
                0x0000000008002ec4                . = ALIGN (0x4)
 *(.rodata)
 .rodata        0x0000000008002ec4       0x12 build/stm32f1xx_hal_rcc.o
 *(.rodata*)
 *fill*         0x0000000008002ed6        0x2 
 .rodata.AHBPrescTable
                0x0000000008002ed8       0x10 build/system_stm32f1xx.o
                0x0000000008002ed8                AHBPrescTable
 .rodata.USBD_FS_ConfigStrDescriptor.str1.4
                0x0000000008002ee8        0xb build/usbd_desc.o
 *fill*         0x0000000008002ef3        0x1 
 .rodata.USBD_FS_InterfaceStrDescriptor.str1.4
                0x0000000008002ef4        0xe build/usbd_desc.o
 *fill*         0x0000000008002f02        0x2 
 .rodata.USBD_FS_ManufacturerStrDescriptor.str1.4
                0x0000000008002f04       0x13 build/usbd_desc.o
 *fill*         0x0000000008002f17        0x1 
 .rodata.USBD_FS_ProductStrDescriptor.str1.4
                0x0000000008002f18       0x16 build/usbd_desc.o
 *fill*         0x0000000008002f2e        0x2 
 .rodata.USBD_FS_SerialStrDescriptor.str1.4
                0x0000000008002f30       0x10 build/usbd_desc.o
                                          0xd (size before relaxing)
                0x0000000008002f40                . = ALIGN (0x4)

.rel.dyn        0x0000000008002f40        0x0
 .rel.iplt      0x0000000008002f40        0x0 f:/gnu mcu eclipse/arm embedded gcc/8.2.1-1.7-20190524-0603/bin/../lib/gcc/arm-none-eabi/8.2.1/thumb/v7-m/nofp/crtbegin.o

.ARM.extab
 *(.ARM.extab* .gnu.linkonce.armextab.*)

.ARM            0x0000000008002f40        0x0
                0x0000000008002f40                __exidx_start = .
 *(.ARM.exidx*)
                0x0000000008002f40                __exidx_end = .

.preinit_array  0x0000000008002f40        0x0
                0x0000000008002f40                PROVIDE (__preinit_array_start = .)
 *(.preinit_array*)
                0x0000000008002f40                PROVIDE (__preinit_array_end = .)

.init_array     0x0000000008002f40        0x4
                0x0000000008002f40                PROVIDE (__init_array_start = .)
 *(SORT_BY_NAME(.init_array.*))
 *(.init_array*)
 .init_array    0x0000000008002f40        0x4 f:/gnu mcu eclipse/arm embedded gcc/8.2.1-1.7-20190524-0603/bin/../lib/gcc/arm-none-eabi/8.2.1/thumb/v7-m/nofp/crtbegin.o
                0x0000000008002f44                PROVIDE (__init_array_end = .)

.fini_array     0x0000000008002f44        0x4
                [!provide]                        PROVIDE (__fini_array_start = .)
 *(SORT_BY_NAME(.fini_array.*))
 *(.fini_array*)
 .fini_array    0x0000000008002f44        0x4 f:/gnu mcu eclipse/arm embedded gcc/8.2.1-1.7-20190524-0603/bin/../lib/gcc/arm-none-eabi/8.2.1/thumb/v7-m/nofp/crtbegin.o
                [!provide]                        PROVIDE (__fini_array_end = .)
                0x0000000008002f48                _sidata = LOADADDR (.data)

.data           0x0000000020000000      0x160 load address 0x0000000008002f48
                0x0000000020000000                . = ALIGN (0x4)
                0x0000000020000000                _sdata = .
 *(.data)
 *(.data*)
 .data.uwTickFreq
                0x0000000020000000        0x1 build/stm32f1xx_hal.o
                0x0000000020000000                uwTickFreq
 *fill*         0x0000000020000001        0x3 
 .data.uwTickPrio
                0x0000000020000004        0x4 build/stm32f1xx_hal.o
                0x0000000020000004                uwTickPrio
 .data.SystemCoreClock
                0x0000000020000008        0x4 build/system_stm32f1xx.o
                0x0000000020000008                SystemCoreClock
 .data.FS_Desc  0x000000002000000c       0x1c build/usbd_desc.o
                0x000000002000000c                FS_Desc
 .data.USBD_FS_DeviceDesc
                0x0000000020000028       0x12 build/usbd_desc.o
                0x0000000020000028                USBD_FS_DeviceDesc
 *fill*         0x000000002000003a        0x2 
 .data.USBD_LangIDDesc
                0x000000002000003c        0x4 build/usbd_desc.o
                0x000000002000003c                USBD_LangIDDesc
 .data.USBD_Interface_fops_FS
                0x0000000020000040       0x10 build/usbd_cdc_if.o
                0x0000000020000040                USBD_Interface_fops_FS
 .data.USBD_CDC
                0x0000000020000050       0x38 build/usbd_cdc.o
                0x0000000020000050                USBD_CDC
 .data.USBD_CDC_CfgFSDesc
                0x0000000020000088       0x43 build/usbd_cdc.o
                0x0000000020000088                USBD_CDC_CfgFSDesc
 *fill*         0x00000000200000cb        0x1 
 .data.USBD_CDC_CfgHSDesc
                0x00000000200000cc       0x43 build/usbd_cdc.o
                0x00000000200000cc                USBD_CDC_CfgHSDesc
 *fill*         0x000000002000010f        0x1 
 .data.USBD_CDC_DeviceQualifierDesc
                0x0000000020000110        0xa build/usbd_cdc.o
 *fill*         0x000000002000011a        0x2 
 .data.USBD_CDC_OtherSpeedCfgDesc
                0x000000002000011c       0x43 build/usbd_cdc.o
                0x000000002000011c                USBD_CDC_OtherSpeedCfgDesc
                0x0000000020000160                . = ALIGN (0x4)
 *fill*         0x000000002000015f        0x1 
                0x0000000020000160                _edata = .

.tm_clone_table
                0x0000000020000160        0x0 load address 0x00000000080030a8
 .tm_clone_table
                0x0000000020000160        0x0 f:/gnu mcu eclipse/arm embedded gcc/8.2.1-1.7-20190524-0603/bin/../lib/gcc/arm-none-eabi/8.2.1/thumb/v7-m/nofp/crtbegin.o
 .tm_clone_table
                0x0000000020000160        0x0 f:/gnu mcu eclipse/arm embedded gcc/8.2.1-1.7-20190524-0603/bin/../lib/gcc/arm-none-eabi/8.2.1/thumb/v7-m/nofp/crtend.o

.igot.plt       0x0000000020000160        0x0 load address 0x00000000080030a8
 .igot.plt      0x0000000020000160        0x0 f:/gnu mcu eclipse/arm embedded gcc/8.2.1-1.7-20190524-0603/bin/../lib/gcc/arm-none-eabi/8.2.1/thumb/v7-m/nofp/crtbegin.o
                0x0000000020000160                . = ALIGN (0x4)

.bss            0x0000000020000160     0x1298 load address 0x00000000080030a8
                0x0000000020000160                _sbss = .
                0x0000000020000160                __bss_start__ = _sbss
 *(.bss)
 *(.bss*)
 .bss.completed.6707
                0x0000000020000160        0x1 f:/gnu mcu eclipse/arm embedded gcc/8.2.1-1.7-20190524-0603/bin/../lib/gcc/arm-none-eabi/8.2.1/thumb/v7-m/nofp/crtbegin.o
 *fill*         0x0000000020000161        0x3 
 .bss.object.6712
                0x0000000020000164       0x18 f:/gnu mcu eclipse/arm embedded gcc/8.2.1-1.7-20190524-0603/bin/../lib/gcc/arm-none-eabi/8.2.1/thumb/v7-m/nofp/crtbegin.o
 .bss.mem.7807  0x000000002000017c      0x220 build/usbd_conf.o
 .bss.cfgidx.7652
                0x000000002000039c        0x1 build/usbd_ctlreq.o
 .bss.ifalt.7647
                0x000000002000039d        0x1 build/usbd_cdc.o
 *(COMMON)
 *fill*         0x000000002000039e        0x2 
 COMMON         0x00000000200003a0        0x4 build/stm32f1xx_hal.o
                0x00000000200003a0                uwTick
 COMMON         0x00000000200003a4      0x224 build/usb_device.o
                0x00000000200003a4                hUsbDeviceFS
 COMMON         0x00000000200005c8      0x460 build/usbd_conf.o
                0x00000000200005c8                hpcd_USB_FS
 COMMON         0x0000000020000a28      0x200 build/usbd_desc.o
                0x0000000020000a28                USBD_StrDesc
 COMMON         0x0000000020000c28      0x7d0 build/usbd_cdc_if.o
                0x0000000020000c28                UserRxBufferFS
                0x0000000020001010                UserTxBufferFS
                0x00000000200013f8                . = ALIGN (0x4)
                0x00000000200013f8                _ebss = .
                0x00000000200013f8                __bss_end__ = _ebss

._user_heap_stack
                0x00000000200013f8      0x600 load address 0x00000000080030a8
                0x00000000200013f8                . = ALIGN (0x8)
                [!provide]                        PROVIDE (end = .)
                [!provide]                        PROVIDE (_end = .)
                0x00000000200015f8                . = (. + _Min_Heap_Size)
 *fill*         0x00000000200013f8      0x200 
                0x00000000200019f8                . = (. + _Min_Stack_Size)
 *fill*         0x00000000200015f8      0x400 
                0x00000000200019f8                . = ALIGN (0x8)

/DISCARD/
 libc.a(*)
 libm.a(*)
 libgcc.a(*)

.ARM.attributes
                0x0000000000000000       0x29
 *(.ARM.attributes)
 .ARM.attributes
                0x0000000000000000       0x1d f:/gnu mcu eclipse/arm embedded gcc/8.2.1-1.7-20190524-0603/bin/../lib/gcc/arm-none-eabi/8.2.1/thumb/v7-m/nofp/crti.o
 .ARM.attributes
                0x000000000000001d       0x2d f:/gnu mcu eclipse/arm embedded gcc/8.2.1-1.7-20190524-0603/bin/../lib/gcc/arm-none-eabi/8.2.1/thumb/v7-m/nofp/crtbegin.o
 .ARM.attributes
                0x000000000000004a       0x2d build/main.o
 .ARM.attributes
                0x0000000000000077       0x2d build/gpio.o
 .ARM.attributes
                0x00000000000000a4       0x2d build/stm32f1xx_it.o
 .ARM.attributes
                0x00000000000000d1       0x2d build/stm32f1xx_hal_msp.o
 .ARM.attributes
                0x00000000000000fe       0x2d build/stm32f1xx_hal.o
 .ARM.attributes
                0x000000000000012b       0x2d build/stm32f1xx_hal_rcc.o
 .ARM.attributes
                0x0000000000000158       0x2d build/stm32f1xx_hal_rcc_ex.o
 .ARM.attributes
                0x0000000000000185       0x2d build/stm32f1xx_hal_gpio.o
 .ARM.attributes
                0x00000000000001b2       0x2d build/stm32f1xx_hal_cortex.o
 .ARM.attributes
                0x00000000000001df       0x2d build/system_stm32f1xx.o
 .ARM.attributes
                0x000000000000020c       0x2d build/usb_device.o
 .ARM.attributes
                0x0000000000000239       0x2d build/usbd_conf.o
 .ARM.attributes
                0x0000000000000266       0x2d build/usbd_desc.o
 .ARM.attributes
                0x0000000000000293       0x2d build/usbd_cdc_if.o
 .ARM.attributes
                0x00000000000002c0       0x2d build/stm32f1xx_hal_pcd.o
 .ARM.attributes
                0x00000000000002ed       0x2d build/stm32f1xx_hal_pcd_ex.o
 .ARM.attributes
                0x000000000000031a       0x2d build/stm32f1xx_ll_usb.o
 .ARM.attributes
                0x0000000000000347       0x2d build/usbd_core.o
 .ARM.attributes
                0x0000000000000374       0x2d build/usbd_ctlreq.o
 .ARM.attributes
                0x00000000000003a1       0x2d build/usbd_ioreq.o
 .ARM.attributes
                0x00000000000003ce       0x2d build/usbd_cdc.o
 .ARM.attributes
                0x00000000000003fb       0x21 build/startup_stm32f103xb.o
 .ARM.attributes
                0x000000000000041c       0x2d f:/gnu mcu eclipse/arm embedded gcc/8.2.1-1.7-20190524-0603/bin/../lib/gcc/arm-none-eabi/8.2.1/../../../../arm-none-eabi/lib/thumb/v7-m/nofp\libc_nano.a(lib_a-init.o)
 .ARM.attributes
                0x0000000000000449       0x2d f:/gnu mcu eclipse/arm embedded gcc/8.2.1-1.7-20190524-0603/bin/../lib/gcc/arm-none-eabi/8.2.1/thumb/v7-m/nofp/crtend.o
 .ARM.attributes
                0x0000000000000476       0x1d f:/gnu mcu eclipse/arm embedded gcc/8.2.1-1.7-20190524-0603/bin/../lib/gcc/arm-none-eabi/8.2.1/thumb/v7-m/nofp/crtn.o
OUTPUT(build/stm32WithoutPlatformio.elf elf32-littlearm)

.debug_info     0x0000000000000000    0x1ab3b
 .debug_info    0x0000000000000000      0xe00 build/main.o
 .debug_info    0x0000000000000e00      0xd9b build/gpio.o
 .debug_info    0x0000000000001b9b     0x10dc build/stm32f1xx_it.o
 .debug_info    0x0000000000002c77      0xca6 build/stm32f1xx_hal_msp.o
 .debug_info    0x000000000000391d     0x1228 build/stm32f1xx_hal.o
 .debug_info    0x0000000000004b45     0x1515 build/stm32f1xx_hal_rcc.o
 .debug_info    0x000000000000605a      0xeb5 build/stm32f1xx_hal_rcc_ex.o
 .debug_info    0x0000000000006f0f     0x114b build/stm32f1xx_hal_gpio.o
 .debug_info    0x000000000000805a     0x1866 build/stm32f1xx_hal_cortex.o
 .debug_info    0x00000000000098c0      0xe55 build/system_stm32f1xx.o
 .debug_info    0x000000000000a715     0x1124 build/usb_device.o
 .debug_info    0x000000000000b839     0x267c build/usbd_conf.o
 .debug_info    0x000000000000deb5      0xfb2 build/usbd_desc.o
 .debug_info    0x000000000000ee67     0x13a1 build/usbd_cdc_if.o
 .debug_info    0x0000000000010208     0x1e4f build/stm32f1xx_hal_pcd.o
 .debug_info    0x0000000000012057     0x10ae build/stm32f1xx_hal_pcd_ex.o
 .debug_info    0x0000000000013105     0x1bc0 build/stm32f1xx_ll_usb.o
 .debug_info    0x0000000000014cc5     0x1853 build/usbd_core.o
 .debug_info    0x0000000000016518     0x19f9 build/usbd_ctlreq.o
 .debug_info    0x0000000000017f11     0x12c9 build/usbd_ioreq.o
 .debug_info    0x00000000000191da     0x193f build/usbd_cdc.o
 .debug_info    0x000000000001ab19       0x22 build/startup_stm32f103xb.o

.debug_abbrev   0x0000000000000000     0x3d40
 .debug_abbrev  0x0000000000000000      0x285 build/main.o
 .debug_abbrev  0x0000000000000285      0x239 build/gpio.o
 .debug_abbrev  0x00000000000004be      0x22d build/stm32f1xx_it.o
 .debug_abbrev  0x00000000000006eb      0x21c build/stm32f1xx_hal_msp.o
 .debug_abbrev  0x0000000000000907      0x348 build/stm32f1xx_hal.o
 .debug_abbrev  0x0000000000000c4f      0x386 build/stm32f1xx_hal_rcc.o
 .debug_abbrev  0x0000000000000fd5      0x2de build/stm32f1xx_hal_rcc_ex.o
 .debug_abbrev  0x00000000000012b3      0x30a build/stm32f1xx_hal_gpio.o
 .debug_abbrev  0x00000000000015bd      0x459 build/stm32f1xx_hal_cortex.o
 .debug_abbrev  0x0000000000001a16      0x23f build/system_stm32f1xx.o
 .debug_abbrev  0x0000000000001c55      0x228 build/usb_device.o
 .debug_abbrev  0x0000000000001e7d      0x377 build/usbd_conf.o
 .debug_abbrev  0x00000000000021f4      0x293 build/usbd_desc.o
 .debug_abbrev  0x0000000000002487      0x30c build/usbd_cdc_if.o
 .debug_abbrev  0x0000000000002793      0x3d0 build/stm32f1xx_hal_pcd.o
 .debug_abbrev  0x0000000000002b63      0x24b build/stm32f1xx_hal_pcd_ex.o
 .debug_abbrev  0x0000000000002dae      0x313 build/stm32f1xx_ll_usb.o
 .debug_abbrev  0x00000000000030c1      0x334 build/usbd_core.o
 .debug_abbrev  0x00000000000033f5      0x387 build/usbd_ctlreq.o
 .debug_abbrev  0x000000000000377c      0x229 build/usbd_ioreq.o
 .debug_abbrev  0x00000000000039a5      0x389 build/usbd_cdc.o
 .debug_abbrev  0x0000000000003d2e       0x12 build/startup_stm32f103xb.o

.debug_loc      0x0000000000000000     0x750d
 .debug_loc     0x0000000000000000       0x59 build/main.o
 .debug_loc     0x0000000000000059       0x38 build/gpio.o
 .debug_loc     0x0000000000000091       0x40 build/stm32f1xx_it.o
 .debug_loc     0x00000000000000d1       0x41 build/stm32f1xx_hal_msp.o
 .debug_loc     0x0000000000000112      0x1cc build/stm32f1xx_hal.o
 .debug_loc     0x00000000000002de      0x815 build/stm32f1xx_hal_rcc.o
 .debug_loc     0x0000000000000af3      0x405 build/stm32f1xx_hal_rcc_ex.o
 .debug_loc     0x0000000000000ef8      0x5a1 build/stm32f1xx_hal_gpio.o
 .debug_loc     0x0000000000001499      0x76b build/stm32f1xx_hal_cortex.o
 .debug_loc     0x0000000000001c04       0xff build/system_stm32f1xx.o
 .debug_loc     0x0000000000001d03       0x20 build/usb_device.o
 .debug_loc     0x0000000000001d23     0x1064 build/usbd_conf.o
 .debug_loc     0x0000000000002d87      0x3b9 build/usbd_desc.o
 .debug_loc     0x0000000000003140      0x197 build/usbd_cdc_if.o
 .debug_loc     0x00000000000032d7      0xeeb build/stm32f1xx_hal_pcd.o
 .debug_loc     0x00000000000041c2      0x136 build/stm32f1xx_hal_pcd_ex.o
 .debug_loc     0x00000000000042f8      0xfb9 build/stm32f1xx_ll_usb.o
 .debug_loc     0x00000000000052b1      0x9f0 build/usbd_core.o
 .debug_loc     0x0000000000005ca1      0xe12 build/usbd_ctlreq.o
 .debug_loc     0x0000000000006ab3      0x364 build/usbd_ioreq.o
 .debug_loc     0x0000000000006e17      0x6f6 build/usbd_cdc.o

.debug_aranges  0x0000000000000000      0x9c8
 .debug_aranges
                0x0000000000000000       0x30 build/main.o
 .debug_aranges
                0x0000000000000030       0x20 build/gpio.o
 .debug_aranges
                0x0000000000000050       0x68 build/stm32f1xx_it.o
 .debug_aranges
                0x00000000000000b8       0x20 build/stm32f1xx_hal_msp.o
 .debug_aranges
                0x00000000000000d8       0xd0 build/stm32f1xx_hal.o
 .debug_aranges
                0x00000000000001a8       0x90 build/stm32f1xx_hal_rcc.o
 .debug_aranges
                0x0000000000000238       0x30 build/stm32f1xx_hal_rcc_ex.o
 .debug_aranges
                0x0000000000000268       0x58 build/stm32f1xx_hal_gpio.o
 .debug_aranges
                0x00000000000002c0       0x90 build/stm32f1xx_hal_cortex.o
 .debug_aranges
                0x0000000000000350       0x28 build/system_stm32f1xx.o
 .debug_aranges
                0x0000000000000378       0x20 build/usb_device.o
 .debug_aranges
                0x0000000000000398      0x110 build/usbd_conf.o
 .debug_aranges
                0x00000000000004a8       0x50 build/usbd_desc.o
 .debug_aranges
                0x00000000000004f8       0x40 build/usbd_cdc_if.o
 .debug_aranges
                0x0000000000000538      0x120 build/stm32f1xx_hal_pcd.o
 .debug_aranges
                0x0000000000000658       0x28 build/stm32f1xx_hal_pcd_ex.o
 .debug_aranges
                0x0000000000000680      0x100 build/stm32f1xx_ll_usb.o
 .debug_aranges
                0x0000000000000780       0xb8 build/usbd_core.o
 .debug_aranges
                0x0000000000000838       0x88 build/usbd_ctlreq.o
 .debug_aranges
                0x00000000000008c0       0x50 build/usbd_ioreq.o
 .debug_aranges
                0x0000000000000910       0x90 build/usbd_cdc.o
 .debug_aranges
                0x00000000000009a0       0x28 build/startup_stm32f103xb.o

.debug_ranges   0x0000000000000000      0xa10
 .debug_ranges  0x0000000000000000       0x20 build/main.o
 .debug_ranges  0x0000000000000020       0x10 build/gpio.o
 .debug_ranges  0x0000000000000030       0x58 build/stm32f1xx_it.o
 .debug_ranges  0x0000000000000088       0x10 build/stm32f1xx_hal_msp.o
 .debug_ranges  0x0000000000000098       0xc0 build/stm32f1xx_hal.o
 .debug_ranges  0x0000000000000158       0xa0 build/stm32f1xx_hal_rcc.o
 .debug_ranges  0x00000000000001f8       0x38 build/stm32f1xx_hal_rcc_ex.o
 .debug_ranges  0x0000000000000230       0x48 build/stm32f1xx_hal_gpio.o
 .debug_ranges  0x0000000000000278       0xc8 build/stm32f1xx_hal_cortex.o
 .debug_ranges  0x0000000000000340       0x18 build/system_stm32f1xx.o
 .debug_ranges  0x0000000000000358       0x10 build/usb_device.o
 .debug_ranges  0x0000000000000368      0x100 build/usbd_conf.o
 .debug_ranges  0x0000000000000468       0x40 build/usbd_desc.o
 .debug_ranges  0x00000000000004a8       0x30 build/usbd_cdc_if.o
 .debug_ranges  0x00000000000004d8      0x140 build/stm32f1xx_hal_pcd.o
 .debug_ranges  0x0000000000000618       0x18 build/stm32f1xx_hal_pcd_ex.o
 .debug_ranges  0x0000000000000630      0x1e0 build/stm32f1xx_ll_usb.o
 .debug_ranges  0x0000000000000810       0xa8 build/usbd_core.o
 .debug_ranges  0x00000000000008b8       0x78 build/usbd_ctlreq.o
 .debug_ranges  0x0000000000000930       0x40 build/usbd_ioreq.o
 .debug_ranges  0x0000000000000970       0x80 build/usbd_cdc.o
 .debug_ranges  0x00000000000009f0       0x20 build/startup_stm32f103xb.o

.debug_line     0x0000000000000000     0x88a6
 .debug_line    0x0000000000000000      0x3c7 build/main.o
 .debug_line    0x00000000000003c7      0x29b build/gpio.o
 .debug_line    0x0000000000000662      0x374 build/stm32f1xx_it.o
 .debug_line    0x00000000000009d6      0x266 build/stm32f1xx_hal_msp.o
 .debug_line    0x0000000000000c3c      0x583 build/stm32f1xx_hal.o
 .debug_line    0x00000000000011bf      0xc58 build/stm32f1xx_hal_rcc.o
 .debug_line    0x0000000000001e17      0x555 build/stm32f1xx_hal_rcc_ex.o
 .debug_line    0x000000000000236c      0x6c8 build/stm32f1xx_hal_gpio.o
 .debug_line    0x0000000000002a34      0x699 build/stm32f1xx_hal_cortex.o
 .debug_line    0x00000000000030cd      0x357 build/system_stm32f1xx.o
 .debug_line    0x0000000000003424      0x357 build/usb_device.o
 .debug_line    0x000000000000377b      0x986 build/usbd_conf.o
 .debug_line    0x0000000000004101      0x410 build/usbd_desc.o
 .debug_line    0x0000000000004511      0x3d4 build/usbd_cdc_if.o
 .debug_line    0x00000000000048e5      0xf70 build/stm32f1xx_hal_pcd.o
 .debug_line    0x0000000000005855      0x32f build/stm32f1xx_hal_pcd_ex.o
 .debug_line    0x0000000000005b84      0xf46 build/stm32f1xx_ll_usb.o
 .debug_line    0x0000000000006aca      0x7fb build/usbd_core.o
 .debug_line    0x00000000000072c5      0x9dd build/usbd_ctlreq.o
 .debug_line    0x0000000000007ca2      0x41d build/usbd_ioreq.o
 .debug_line    0x00000000000080bf      0x775 build/usbd_cdc.o
 .debug_line    0x0000000000008834       0x72 build/startup_stm32f103xb.o

.debug_str      0x0000000000000000     0x2c1e
 .debug_str     0x0000000000000000      0x809 build/main.o
                                        0x87a (size before relaxing)
 .debug_str     0x0000000000000809       0xd5 build/gpio.o
                                        0x724 (size before relaxing)
 .debug_str     0x00000000000008de      0x3a6 build/stm32f1xx_it.o
                                        0xa04 (size before relaxing)
 .debug_str     0x0000000000000c84       0x48 build/stm32f1xx_hal_msp.o
                                        0x6c6 (size before relaxing)
 .debug_str     0x0000000000000ccc      0x552 build/stm32f1xx_hal.o
                                        0xc1d (size before relaxing)
 .debug_str     0x000000000000121e      0x1ec build/stm32f1xx_hal_rcc.o
                                        0xa89 (size before relaxing)
 .debug_str     0x000000000000140a       0x9c build/stm32f1xx_hal_rcc_ex.o
                                        0x86d (size before relaxing)
 .debug_str     0x00000000000014a6      0x127 build/stm32f1xx_hal_gpio.o
                                        0x8b2 (size before relaxing)
 .debug_str     0x00000000000015cd      0x2a6 build/stm32f1xx_hal_cortex.o
                                        0xd45 (size before relaxing)
 .debug_str     0x0000000000001873       0x4a build/system_stm32f1xx.o
                                        0x71b (size before relaxing)
 .debug_str     0x00000000000018bd      0x3a5 build/usb_device.o
                                        0xaa8 (size before relaxing)
 .debug_str     0x0000000000001c62      0x4f0 build/usbd_conf.o
                                       0x15a8 (size before relaxing)
 .debug_str     0x0000000000002152      0x11a build/usbd_desc.o
                                        0x883 (size before relaxing)
 .debug_str     0x000000000000226c      0x123 build/usbd_cdc_if.o
                                        0xba2 (size before relaxing)
 .debug_str     0x000000000000238f      0x2cf build/stm32f1xx_hal_pcd.o
                                        0xeac (size before relaxing)
 .debug_str     0x000000000000265e       0x40 build/stm32f1xx_hal_pcd_ex.o
                                        0x9d7 (size before relaxing)
 .debug_str     0x000000000000269e      0x158 build/stm32f1xx_ll_usb.o
                                        0xbaa (size before relaxing)
 .debug_str     0x00000000000027f6      0x13e build/usbd_core.o
                                        0xcc8 (size before relaxing)
 .debug_str     0x0000000000002934       0xe2 build/usbd_ctlreq.o
                                        0xbe2 (size before relaxing)
 .debug_str     0x0000000000002a16       0x60 build/usbd_ioreq.o
                                        0xb0f (size before relaxing)
 .debug_str     0x0000000000002a76      0x183 build/usbd_cdc.o
                                        0xd56 (size before relaxing)
 .debug_str     0x0000000000002bf9       0x25 build/startup_stm32f103xb.o
                                         0x4a (size before relaxing)

.comment        0x0000000000000000       0x68
 .comment       0x0000000000000000       0x68 build/main.o
                                         0x69 (size before relaxing)
 .comment       0x0000000000000068       0x69 build/gpio.o
 .comment       0x0000000000000068       0x69 build/stm32f1xx_it.o
 .comment       0x0000000000000068       0x69 build/stm32f1xx_hal_msp.o
 .comment       0x0000000000000068       0x69 build/stm32f1xx_hal.o
 .comment       0x0000000000000068       0x69 build/stm32f1xx_hal_rcc.o
 .comment       0x0000000000000068       0x69 build/stm32f1xx_hal_rcc_ex.o
 .comment       0x0000000000000068       0x69 build/stm32f1xx_hal_gpio.o
 .comment       0x0000000000000068       0x69 build/stm32f1xx_hal_cortex.o
 .comment       0x0000000000000068       0x69 build/system_stm32f1xx.o
 .comment       0x0000000000000068       0x69 build/usb_device.o
 .comment       0x0000000000000068       0x69 build/usbd_conf.o
 .comment       0x0000000000000068       0x69 build/usbd_desc.o
 .comment       0x0000000000000068       0x69 build/usbd_cdc_if.o
 .comment       0x0000000000000068       0x69 build/stm32f1xx_hal_pcd.o
 .comment       0x0000000000000068       0x69 build/stm32f1xx_hal_pcd_ex.o
 .comment       0x0000000000000068       0x69 build/stm32f1xx_ll_usb.o
 .comment       0x0000000000000068       0x69 build/usbd_core.o
 .comment       0x0000000000000068       0x69 build/usbd_ctlreq.o
 .comment       0x0000000000000068       0x69 build/usbd_ioreq.o
 .comment       0x0000000000000068       0x69 build/usbd_cdc.o

.debug_frame    0x0000000000000000     0x183c
 .debug_frame   0x0000000000000000       0x60 build/main.o
 .debug_frame   0x0000000000000060       0x34 build/gpio.o
 .debug_frame   0x0000000000000094       0xc8 build/stm32f1xx_it.o
 .debug_frame   0x000000000000015c       0x28 build/stm32f1xx_hal_msp.o
 .debug_frame   0x0000000000000184      0x1c0 build/stm32f1xx_hal.o
 .debug_frame   0x0000000000000344      0x1b0 build/stm32f1xx_hal_rcc.o
 .debug_frame   0x00000000000004f4       0x74 build/stm32f1xx_hal_rcc_ex.o
 .debug_frame   0x0000000000000568       0xe8 build/stm32f1xx_hal_gpio.o
 .debug_frame   0x0000000000000650      0x13c build/stm32f1xx_hal_cortex.o
 .debug_frame   0x000000000000078c       0x30 build/system_stm32f1xx.o
 .debug_frame   0x00000000000007bc       0x2c build/usb_device.o
 .debug_frame   0x00000000000007e8      0x344 build/usbd_conf.o
 .debug_frame   0x0000000000000b2c       0xbc build/usbd_desc.o
 .debug_frame   0x0000000000000be8       0x84 build/usbd_cdc_if.o
 .debug_frame   0x0000000000000c6c      0x350 build/stm32f1xx_hal_pcd.o
 .debug_frame   0x0000000000000fbc       0x30 build/stm32f1xx_hal_pcd_ex.o
 .debug_frame   0x0000000000000fec      0x250 build/stm32f1xx_ll_usb.o
 .debug_frame   0x000000000000123c      0x1ec build/usbd_core.o
 .debug_frame   0x0000000000001428      0x1ac build/usbd_ctlreq.o
 .debug_frame   0x00000000000015d4       0xd4 build/usbd_ioreq.o
 .debug_frame   0x00000000000016a8      0x168 build/usbd_cdc.o
 .debug_frame   0x0000000000001810       0x2c f:/gnu mcu eclipse/arm embedded gcc/8.2.1-1.7-20190524-0603/bin/../lib/gcc/arm-none-eabi/8.2.1/../../../../arm-none-eabi/lib/thumb/v7-m/nofp\libc_nano.a(lib_a-init.o)

Cross Reference Table

Symbol                                            File
ADC1_2_IRQHandler                                 build/startup_stm32f103xb.o
AHBPrescTable                                     build/system_stm32f1xx.o
                                                  build/stm32f1xx_hal_rcc.o
APBPrescTable                                     build/system_stm32f1xx.o
                                                  build/stm32f1xx_hal_rcc.o
BusFault_Handler                                  build/stm32f1xx_it.o
CAN1_RX1_IRQHandler                               build/startup_stm32f103xb.o
CAN1_SCE_IRQHandler                               build/startup_stm32f103xb.o
CDC_Transmit_FS                                   build/usbd_cdc_if.o
DMA1_Channel1_IRQHandler                          build/startup_stm32f103xb.o
DMA1_Channel2_IRQHandler                          build/startup_stm32f103xb.o
DMA1_Channel3_IRQHandler                          build/startup_stm32f103xb.o
DMA1_Channel4_IRQHandler                          build/startup_stm32f103xb.o
DMA1_Channel5_IRQHandler                          build/startup_stm32f103xb.o
DMA1_Channel6_IRQHandler                          build/startup_stm32f103xb.o
DMA1_Channel7_IRQHandler                          build/startup_stm32f103xb.o
DebugMon_Handler                                  build/stm32f1xx_it.o
Default_Handler                                   build/startup_stm32f103xb.o
EXTI0_IRQHandler                                  build/startup_stm32f103xb.o
EXTI15_10_IRQHandler                              build/startup_stm32f103xb.o
EXTI1_IRQHandler                                  build/startup_stm32f103xb.o
EXTI2_IRQHandler                                  build/startup_stm32f103xb.o
EXTI3_IRQHandler                                  build/startup_stm32f103xb.o
EXTI4_IRQHandler                                  build/startup_stm32f103xb.o
EXTI9_5_IRQHandler                                build/startup_stm32f103xb.o
Error_Handler                                     build/main.o
                                                  build/usbd_conf.o
FLASH_IRQHandler                                  build/startup_stm32f103xb.o
FLASH_PageErase                                   build/stm32f1xx_hal_flash_ex.o
                                                  build/stm32f1xx_hal_flash.o
FLASH_WaitForLastOperation                        build/stm32f1xx_hal_flash.o
                                                  build/stm32f1xx_hal_flash_ex.o
FS_Desc                                           build/usbd_desc.o
                                                  build/usb_device.o
HAL_DBGMCU_DisableDBGSleepMode                    build/stm32f1xx_hal.o
HAL_DBGMCU_DisableDBGStandbyMode                  build/stm32f1xx_hal.o
HAL_DBGMCU_DisableDBGStopMode                     build/stm32f1xx_hal.o
HAL_DBGMCU_EnableDBGSleepMode                     build/stm32f1xx_hal.o
HAL_DBGMCU_EnableDBGStandbyMode                   build/stm32f1xx_hal.o
HAL_DBGMCU_EnableDBGStopMode                      build/stm32f1xx_hal.o
HAL_DMA_Abort                                     build/stm32f1xx_hal_dma.o
HAL_DMA_Abort_IT                                  build/stm32f1xx_hal_dma.o
HAL_DMA_DeInit                                    build/stm32f1xx_hal_dma.o
HAL_DMA_GetError                                  build/stm32f1xx_hal_dma.o
HAL_DMA_GetState                                  build/stm32f1xx_hal_dma.o
HAL_DMA_IRQHandler                                build/stm32f1xx_hal_dma.o
HAL_DMA_Init                                      build/stm32f1xx_hal_dma.o
HAL_DMA_PollForTransfer                           build/stm32f1xx_hal_dma.o
HAL_DMA_RegisterCallback                          build/stm32f1xx_hal_dma.o
HAL_DMA_Start                                     build/stm32f1xx_hal_dma.o
HAL_DMA_Start_IT                                  build/stm32f1xx_hal_dma.o
HAL_DMA_UnRegisterCallback                        build/stm32f1xx_hal_dma.o
HAL_DeInit                                        build/stm32f1xx_hal.o
HAL_Delay                                         build/stm32f1xx_hal.o
                                                  build/usbd_conf.o
HAL_FLASHEx_Erase                                 build/stm32f1xx_hal_flash_ex.o
HAL_FLASHEx_Erase_IT                              build/stm32f1xx_hal_flash_ex.o
HAL_FLASHEx_OBErase                               build/stm32f1xx_hal_flash_ex.o
HAL_FLASHEx_OBGetConfig                           build/stm32f1xx_hal_flash_ex.o
HAL_FLASHEx_OBGetUserData                         build/stm32f1xx_hal_flash_ex.o
HAL_FLASHEx_OBProgram                             build/stm32f1xx_hal_flash_ex.o
HAL_FLASH_EndOfOperationCallback                  build/stm32f1xx_hal_flash.o
HAL_FLASH_GetError                                build/stm32f1xx_hal_flash.o
HAL_FLASH_IRQHandler                              build/stm32f1xx_hal_flash.o
HAL_FLASH_Lock                                    build/stm32f1xx_hal_flash.o
HAL_FLASH_OB_Launch                               build/stm32f1xx_hal_flash.o
HAL_FLASH_OB_Lock                                 build/stm32f1xx_hal_flash.o
HAL_FLASH_OB_Unlock                               build/stm32f1xx_hal_flash.o
HAL_FLASH_OperationErrorCallback                  build/stm32f1xx_hal_flash.o
HAL_FLASH_Program                                 build/stm32f1xx_hal_flash.o
HAL_FLASH_Program_IT                              build/stm32f1xx_hal_flash.o
HAL_FLASH_Unlock                                  build/stm32f1xx_hal_flash.o
HAL_GPIOEx_ConfigEventout                         build/stm32f1xx_hal_gpio_ex.o
HAL_GPIOEx_DisableEventout                        build/stm32f1xx_hal_gpio_ex.o
HAL_GPIOEx_EnableEventout                         build/stm32f1xx_hal_gpio_ex.o
HAL_GPIO_DeInit                                   build/stm32f1xx_hal_gpio.o
HAL_GPIO_EXTI_Callback                            build/stm32f1xx_hal_gpio.o
HAL_GPIO_EXTI_IRQHandler                          build/stm32f1xx_hal_gpio.o
HAL_GPIO_Init                                     build/stm32f1xx_hal_gpio.o
                                                  build/stm32f1xx_hal_rcc.o
                                                  build/gpio.o
HAL_GPIO_LockPin                                  build/stm32f1xx_hal_gpio.o
HAL_GPIO_ReadPin                                  build/stm32f1xx_hal_gpio.o
HAL_GPIO_TogglePin                                build/stm32f1xx_hal_gpio.o
HAL_GPIO_WritePin                                 build/stm32f1xx_hal_gpio.o
                                                  build/gpio.o
HAL_GetDEVID                                      build/stm32f1xx_hal.o
HAL_GetHalVersion                                 build/stm32f1xx_hal.o
HAL_GetREVID                                      build/stm32f1xx_hal.o
HAL_GetTick                                       build/stm32f1xx_hal.o
                                                  build/stm32f1xx_hal_flash.o
                                                  build/stm32f1xx_hal_dma.o
                                                  build/stm32f1xx_hal_rcc_ex.o
                                                  build/stm32f1xx_hal_rcc.o
HAL_GetTickFreq                                   build/stm32f1xx_hal.o
HAL_GetTickPrio                                   build/stm32f1xx_hal.o
HAL_GetUID                                        build/stm32f1xx_hal.o
HAL_IncTick                                       build/stm32f1xx_hal.o
                                                  build/stm32f1xx_it.o
HAL_Init                                          build/stm32f1xx_hal.o
                                                  build/main.o
HAL_InitTick                                      build/stm32f1xx_hal.o
                                                  build/stm32f1xx_hal_rcc.o
HAL_MspDeInit                                     build/stm32f1xx_hal.o
HAL_MspInit                                       build/stm32f1xx_hal_msp.o
HAL_NVIC_ClearPendingIRQ                          build/stm32f1xx_hal_cortex.o
HAL_NVIC_DisableIRQ                               build/stm32f1xx_hal_cortex.o
                                                  build/usbd_conf.o
HAL_NVIC_EnableIRQ                                build/stm32f1xx_hal_cortex.o
                                                  build/usbd_conf.o
HAL_NVIC_GetActive                                build/stm32f1xx_hal_cortex.o
HAL_NVIC_GetPendingIRQ                            build/stm32f1xx_hal_cortex.o
HAL_NVIC_GetPriority                              build/stm32f1xx_hal_cortex.o
HAL_NVIC_GetPriorityGrouping                      build/stm32f1xx_hal_cortex.o
HAL_NVIC_SetPendingIRQ                            build/stm32f1xx_hal_cortex.o
HAL_NVIC_SetPriority                              build/stm32f1xx_hal_cortex.o
                                                  build/usbd_conf.o
                                                  build/stm32f1xx_hal.o
HAL_NVIC_SetPriorityGrouping                      build/stm32f1xx_hal_cortex.o
                                                  build/stm32f1xx_hal.o
HAL_NVIC_SystemReset                              build/stm32f1xx_hal_cortex.o
                                                  build/stm32f1xx_hal_flash.o
HAL_PCDEx_PMAConfig                               build/stm32f1xx_hal_pcd_ex.o
                                                  build/usbd_conf.o
HAL_PCDEx_SetConnectionState                      build/usbd_conf.o
                                                  build/stm32f1xx_hal_pcd.o
HAL_PCD_ActivateRemoteWakeup                      build/stm32f1xx_hal_pcd.o
HAL_PCD_ConnectCallback                           build/usbd_conf.o
HAL_PCD_DataInStageCallback                       build/usbd_conf.o
HAL_PCD_DataOutStageCallback                      build/usbd_conf.o
HAL_PCD_DeActivateRemoteWakeup                    build/stm32f1xx_hal_pcd.o
HAL_PCD_DeInit                                    build/stm32f1xx_hal_pcd.o
                                                  build/usbd_conf.o
HAL_PCD_DevConnect                                build/stm32f1xx_hal_pcd.o
HAL_PCD_DevDisconnect                             build/stm32f1xx_hal_pcd.o
HAL_PCD_DisconnectCallback                        build/usbd_conf.o
HAL_PCD_EP_Close                                  build/stm32f1xx_hal_pcd.o
                                                  build/usbd_conf.o
HAL_PCD_EP_ClrStall                               build/stm32f1xx_hal_pcd.o
                                                  build/usbd_conf.o
HAL_PCD_EP_Flush                                  build/stm32f1xx_hal_pcd.o
                                                  build/usbd_conf.o
HAL_PCD_EP_GetRxCount                             build/stm32f1xx_hal_pcd.o
                                                  build/usbd_conf.o
HAL_PCD_EP_Open                                   build/stm32f1xx_hal_pcd.o
                                                  build/usbd_conf.o
HAL_PCD_EP_Receive                                build/stm32f1xx_hal_pcd.o
                                                  build/usbd_conf.o
HAL_PCD_EP_SetStall                               build/stm32f1xx_hal_pcd.o
                                                  build/usbd_conf.o
HAL_PCD_EP_Transmit                               build/stm32f1xx_hal_pcd.o
                                                  build/usbd_conf.o
HAL_PCD_GetState                                  build/stm32f1xx_hal_pcd.o
HAL_PCD_IRQHandler                                build/stm32f1xx_hal_pcd.o
                                                  build/stm32f1xx_it.o
HAL_PCD_ISOINIncompleteCallback                   build/usbd_conf.o
HAL_PCD_ISOOUTIncompleteCallback                  build/usbd_conf.o
HAL_PCD_Init                                      build/stm32f1xx_hal_pcd.o
                                                  build/usbd_conf.o
HAL_PCD_MspDeInit                                 build/usbd_conf.o
HAL_PCD_MspInit                                   build/usbd_conf.o
HAL_PCD_ResetCallback                             build/usbd_conf.o
HAL_PCD_ResumeCallback                            build/usbd_conf.o
HAL_PCD_SOFCallback                               build/usbd_conf.o
HAL_PCD_SetAddress                                build/stm32f1xx_hal_pcd.o
                                                  build/usbd_conf.o
HAL_PCD_SetupStageCallback                        build/usbd_conf.o
HAL_PCD_Start                                     build/stm32f1xx_hal_pcd.o
                                                  build/usbd_conf.o
HAL_PCD_Stop                                      build/stm32f1xx_hal_pcd.o
                                                  build/usbd_conf.o
HAL_PCD_SuspendCallback                           build/usbd_conf.o
HAL_PWR_ConfigPVD                                 build/stm32f1xx_hal_pwr.o
HAL_PWR_DeInit                                    build/stm32f1xx_hal_pwr.o
HAL_PWR_DisableBkUpAccess                         build/stm32f1xx_hal_pwr.o
HAL_PWR_DisablePVD                                build/stm32f1xx_hal_pwr.o
HAL_PWR_DisableSEVOnPend                          build/stm32f1xx_hal_pwr.o
HAL_PWR_DisableSleepOnExit                        build/stm32f1xx_hal_pwr.o
HAL_PWR_DisableWakeUpPin                          build/stm32f1xx_hal_pwr.o
HAL_PWR_EnableBkUpAccess                          build/stm32f1xx_hal_pwr.o
HAL_PWR_EnablePVD                                 build/stm32f1xx_hal_pwr.o
HAL_PWR_EnableSEVOnPend                           build/stm32f1xx_hal_pwr.o
HAL_PWR_EnableSleepOnExit                         build/stm32f1xx_hal_pwr.o
HAL_PWR_EnableWakeUpPin                           build/stm32f1xx_hal_pwr.o
HAL_PWR_EnterSLEEPMode                            build/stm32f1xx_hal_pwr.o
HAL_PWR_EnterSTANDBYMode                          build/stm32f1xx_hal_pwr.o
HAL_PWR_EnterSTOPMode                             build/stm32f1xx_hal_pwr.o
HAL_PWR_PVDCallback                               build/stm32f1xx_hal_pwr.o
HAL_PWR_PVD_IRQHandler                            build/stm32f1xx_hal_pwr.o
HAL_RCCEx_GetPeriphCLKConfig                      build/stm32f1xx_hal_rcc_ex.o
HAL_RCCEx_GetPeriphCLKFreq                        build/stm32f1xx_hal_rcc_ex.o
HAL_RCCEx_PeriphCLKConfig                         build/stm32f1xx_hal_rcc_ex.o
                                                  build/main.o
HAL_RCC_CSSCallback                               build/stm32f1xx_hal_rcc.o
HAL_RCC_ClockConfig                               build/stm32f1xx_hal_rcc.o
                                                  build/main.o
HAL_RCC_DeInit                                    build/stm32f1xx_hal_rcc.o
HAL_RCC_DisableCSS                                build/stm32f1xx_hal_rcc.o
HAL_RCC_EnableCSS                                 build/stm32f1xx_hal_rcc.o
HAL_RCC_GetClockConfig                            build/stm32f1xx_hal_rcc.o
HAL_RCC_GetHCLKFreq                               build/stm32f1xx_hal_rcc.o
HAL_RCC_GetOscConfig                              build/stm32f1xx_hal_rcc.o
HAL_RCC_GetPCLK1Freq                              build/stm32f1xx_hal_rcc.o
HAL_RCC_GetPCLK2Freq                              build/stm32f1xx_hal_rcc.o
                                                  build/stm32f1xx_hal_rcc_ex.o
HAL_RCC_GetSysClockFreq                           build/stm32f1xx_hal_rcc.o
HAL_RCC_MCOConfig                                 build/stm32f1xx_hal_rcc.o
HAL_RCC_NMI_IRQHandler                            build/stm32f1xx_hal_rcc.o
HAL_RCC_OscConfig                                 build/stm32f1xx_hal_rcc.o
                                                  build/main.o
HAL_ResumeTick                                    build/stm32f1xx_hal.o
HAL_SYSTICK_CLKSourceConfig                       build/stm32f1xx_hal_cortex.o
HAL_SYSTICK_Callback                              build/stm32f1xx_hal_cortex.o
HAL_SYSTICK_Config                                build/stm32f1xx_hal_cortex.o
                                                  build/stm32f1xx_hal.o
HAL_SYSTICK_IRQHandler                            build/stm32f1xx_hal_cortex.o
HAL_SetTickFreq                                   build/stm32f1xx_hal.o
HAL_SuspendTick                                   build/stm32f1xx_hal.o
HardFault_Handler                                 build/stm32f1xx_it.o
I2C1_ER_IRQHandler                                build/startup_stm32f103xb.o
I2C1_EV_IRQHandler                                build/startup_stm32f103xb.o
I2C2_ER_IRQHandler                                build/startup_stm32f103xb.o
I2C2_EV_IRQHandler                                build/startup_stm32f103xb.o
MX_GPIO_Init                                      build/gpio.o
                                                  build/main.o
MX_USB_DEVICE_Init                                build/usb_device.o
                                                  build/main.o
MemManage_Handler                                 build/stm32f1xx_it.o
NMI_Handler                                       build/stm32f1xx_it.o
PVD_IRQHandler                                    build/startup_stm32f103xb.o
PendSV_Handler                                    build/stm32f1xx_it.o
RCC_IRQHandler                                    build/startup_stm32f103xb.o
RTC_Alarm_IRQHandler                              build/startup_stm32f103xb.o
RTC_IRQHandler                                    build/startup_stm32f103xb.o
Reset_Handler                                     build/startup_stm32f103xb.o
SPI1_IRQHandler                                   build/startup_stm32f103xb.o
SPI2_IRQHandler                                   build/startup_stm32f103xb.o
SVC_Handler                                       build/stm32f1xx_it.o
SysTick_Handler                                   build/stm32f1xx_it.o
SystemClock_Config                                build/main.o
SystemCoreClock                                   build/system_stm32f1xx.o
                                                  build/stm32f1xx_hal_rcc.o
                                                  build/stm32f1xx_hal.o
SystemCoreClockUpdate                             build/system_stm32f1xx.o
SystemInit                                        build/system_stm32f1xx.o
                                                  build/startup_stm32f103xb.o
TAMPER_IRQHandler                                 build/startup_stm32f103xb.o
TIM1_BRK_IRQHandler                               build/startup_stm32f103xb.o
TIM1_CC_IRQHandler                                build/startup_stm32f103xb.o
TIM1_TRG_COM_IRQHandler                           build/startup_stm32f103xb.o
TIM1_UP_IRQHandler                                build/startup_stm32f103xb.o
TIM2_IRQHandler                                   build/startup_stm32f103xb.o
TIM3_IRQHandler                                   build/startup_stm32f103xb.o
TIM4_IRQHandler                                   build/startup_stm32f103xb.o
USART1_IRQHandler                                 build/startup_stm32f103xb.o
USART2_IRQHandler                                 build/startup_stm32f103xb.o
USART3_IRQHandler                                 build/startup_stm32f103xb.o
USBD_CDC                                          build/usbd_cdc.o
                                                  build/usb_device.o
USBD_CDC_CfgFSDesc                                build/usbd_cdc.o
USBD_CDC_CfgHSDesc                                build/usbd_cdc.o
USBD_CDC_GetDeviceQualifierDescriptor             build/usbd_cdc.o
USBD_CDC_OtherSpeedCfgDesc                        build/usbd_cdc.o
USBD_CDC_ReceivePacket                            build/usbd_cdc.o
                                                  build/usbd_cdc_if.o
USBD_CDC_RegisterInterface                        build/usbd_cdc.o
                                                  build/usb_device.o
USBD_CDC_SetRxBuffer                              build/usbd_cdc.o
                                                  build/usbd_cdc_if.o
USBD_CDC_SetTxBuffer                              build/usbd_cdc.o
                                                  build/usbd_cdc_if.o
USBD_CDC_TransmitPacket                           build/usbd_cdc.o
                                                  build/usbd_cdc_if.o
USBD_ClrClassConfig                               build/usbd_core.o
                                                  build/usbd_ctlreq.o
USBD_CtlContinueRx                                build/usbd_ioreq.o
                                                  build/usbd_core.o
USBD_CtlContinueSendData                          build/usbd_ioreq.o
                                                  build/usbd_core.o
USBD_CtlError                                     build/usbd_ctlreq.o
USBD_CtlPrepareRx                                 build/usbd_ioreq.o
                                                  build/usbd_cdc.o
USBD_CtlReceiveStatus                             build/usbd_ioreq.o
                                                  build/usbd_core.o
USBD_CtlSendData                                  build/usbd_ioreq.o
                                                  build/usbd_cdc.o
                                                  build/usbd_ctlreq.o
USBD_CtlSendStatus                                build/usbd_ioreq.o
                                                  build/usbd_ctlreq.o
                                                  build/usbd_core.o
USBD_DeInit                                       build/usbd_core.o
USBD_FS_ConfigStrDescriptor                       build/usbd_desc.o
USBD_FS_DeviceDesc                                build/usbd_desc.o
USBD_FS_DeviceDescriptor                          build/usbd_desc.o
USBD_FS_InterfaceStrDescriptor                    build/usbd_desc.o
USBD_FS_LangIDStrDescriptor                       build/usbd_desc.o
USBD_FS_ManufacturerStrDescriptor                 build/usbd_desc.o
USBD_FS_ProductStrDescriptor                      build/usbd_desc.o
USBD_FS_SerialStrDescriptor                       build/usbd_desc.o
USBD_GetRxCount                                   build/usbd_ioreq.o
USBD_GetString                                    build/usbd_ctlreq.o
                                                  build/usbd_desc.o
USBD_Init                                         build/usbd_core.o
                                                  build/usb_device.o
USBD_Interface_fops_FS                            build/usbd_cdc_if.o
                                                  build/usb_device.o
USBD_LL_ClearStallEP                              build/usbd_conf.o
                                                  build/usbd_ctlreq.o
USBD_LL_CloseEP                                   build/usbd_conf.o
                                                  build/usbd_cdc.o
USBD_LL_DataInStage                               build/usbd_core.o
                                                  build/usbd_conf.o
USBD_LL_DataOutStage                              build/usbd_core.o
                                                  build/usbd_conf.o
USBD_LL_DeInit                                    build/usbd_conf.o
                                                  build/usbd_core.o
USBD_LL_Delay                                     build/usbd_conf.o
USBD_LL_DevConnected                              build/usbd_core.o
                                                  build/usbd_conf.o
USBD_LL_DevDisconnected                           build/usbd_core.o
                                                  build/usbd_conf.o
USBD_LL_FlushEP                                   build/usbd_conf.o
USBD_LL_GetRxDataSize                             build/usbd_conf.o
                                                  build/usbd_cdc.o
                                                  build/usbd_ioreq.o
USBD_LL_Init                                      build/usbd_conf.o
                                                  build/usbd_core.o
USBD_LL_IsStallEP                                 build/usbd_conf.o
                                                  build/usbd_ctlreq.o
USBD_LL_IsoINIncomplete                           build/usbd_core.o
                                                  build/usbd_conf.o
USBD_LL_IsoOUTIncomplete                          build/usbd_core.o
                                                  build/usbd_conf.o
USBD_LL_OpenEP                                    build/usbd_conf.o
                                                  build/usbd_cdc.o
                                                  build/usbd_core.o
USBD_LL_PrepareReceive                            build/usbd_conf.o
                                                  build/usbd_cdc.o
                                                  build/usbd_ioreq.o
                                                  build/usbd_core.o
USBD_LL_Reset                                     build/usbd_core.o
                                                  build/usbd_conf.o
USBD_LL_Resume                                    build/usbd_core.o
                                                  build/usbd_conf.o
USBD_LL_SOF                                       build/usbd_core.o
                                                  build/usbd_conf.o
USBD_LL_SetSpeed                                  build/usbd_core.o
                                                  build/usbd_conf.o
USBD_LL_SetUSBAddress                             build/usbd_conf.o
                                                  build/usbd_ctlreq.o
USBD_LL_SetupStage                                build/usbd_core.o
                                                  build/usbd_conf.o
USBD_LL_StallEP                                   build/usbd_conf.o
                                                  build/usbd_ctlreq.o
                                                  build/usbd_core.o
USBD_LL_Start                                     build/usbd_conf.o
                                                  build/usbd_core.o
USBD_LL_Stop                                      build/usbd_conf.o
                                                  build/usbd_core.o
USBD_LL_Suspend                                   build/usbd_core.o
                                                  build/usbd_conf.o
USBD_LL_Transmit                                  build/usbd_conf.o
                                                  build/usbd_cdc.o
                                                  build/usbd_ioreq.o
USBD_LangIDDesc                                   build/usbd_desc.o
USBD_ParseSetupRequest                            build/usbd_ctlreq.o
                                                  build/usbd_core.o
USBD_RegisterClass                                build/usbd_core.o
                                                  build/usb_device.o
USBD_RunTestMode                                  build/usbd_core.o
USBD_SetClassConfig                               build/usbd_core.o
                                                  build/usbd_ctlreq.o
USBD_Start                                        build/usbd_core.o
                                                  build/usb_device.o
USBD_StdDevReq                                    build/usbd_ctlreq.o
                                                  build/usbd_core.o
USBD_StdEPReq                                     build/usbd_ctlreq.o
                                                  build/usbd_core.o
USBD_StdItfReq                                    build/usbd_ctlreq.o
                                                  build/usbd_core.o
USBD_Stop                                         build/usbd_core.o
USBD_StrDesc                                      build/usbd_desc.o
USBD_static_free                                  build/usbd_conf.o
                                                  build/usbd_cdc.o
USBD_static_malloc                                build/usbd_conf.o
                                                  build/usbd_cdc.o
USBWakeUp_IRQHandler                              build/startup_stm32f103xb.o
USB_ActivateEndpoint                              build/stm32f1xx_ll_usb.o
                                                  build/stm32f1xx_hal_pcd.o
USB_ActivateRemoteWakeup                          build/stm32f1xx_ll_usb.o
                                                  build/stm32f1xx_hal_pcd.o
USB_ClearInterrupts                               build/stm32f1xx_ll_usb.o
USB_CoreInit                                      build/stm32f1xx_ll_usb.o
                                                  build/stm32f1xx_hal_pcd.o
USB_DeActivateRemoteWakeup                        build/stm32f1xx_ll_usb.o
                                                  build/stm32f1xx_hal_pcd.o
USB_DeactivateEndpoint                            build/stm32f1xx_ll_usb.o
                                                  build/stm32f1xx_hal_pcd.o
USB_DevConnect                                    build/stm32f1xx_ll_usb.o
                                                  build/stm32f1xx_hal_pcd.o
USB_DevDisconnect                                 build/stm32f1xx_ll_usb.o
                                                  build/stm32f1xx_hal_pcd.o
USB_DevInit                                       build/stm32f1xx_ll_usb.o
                                                  build/stm32f1xx_hal_pcd.o
USB_DisableGlobalInt                              build/stm32f1xx_ll_usb.o
                                                  build/stm32f1xx_hal_pcd.o
USB_EP0_OutStart                                  build/stm32f1xx_ll_usb.o
                                                  build/stm32f1xx_hal_pcd.o
USB_EPClearStall                                  build/stm32f1xx_ll_usb.o
                                                  build/stm32f1xx_hal_pcd.o
USB_EPSetStall                                    build/stm32f1xx_ll_usb.o
                                                  build/stm32f1xx_hal_pcd.o
USB_EPStartXfer                                   build/stm32f1xx_ll_usb.o
                                                  build/stm32f1xx_hal_pcd.o
USB_EnableGlobalInt                               build/stm32f1xx_ll_usb.o
                                                  build/stm32f1xx_hal_pcd.o
USB_FlushRxFifo                                   build/stm32f1xx_ll_usb.o
                                                  build/stm32f1xx_hal_pcd.o
USB_FlushTxFifo                                   build/stm32f1xx_ll_usb.o
                                                  build/stm32f1xx_hal_pcd.o
USB_HP_CAN1_TX_IRQHandler                         build/startup_stm32f103xb.o
USB_LP_CAN1_RX0_IRQHandler                        build/stm32f1xx_it.o
USB_ReadDevAllInEpInterrupt                       build/stm32f1xx_ll_usb.o
USB_ReadDevAllOutEpInterrupt                      build/stm32f1xx_ll_usb.o
USB_ReadDevInEPInterrupt                          build/stm32f1xx_ll_usb.o
USB_ReadDevOutEPInterrupt                         build/stm32f1xx_ll_usb.o
USB_ReadInterrupts                                build/stm32f1xx_ll_usb.o
                                                  build/stm32f1xx_hal_pcd.o
USB_ReadPMA                                       build/stm32f1xx_ll_usb.o
                                                  build/stm32f1xx_hal_pcd.o
USB_ReadPacket                                    build/stm32f1xx_ll_usb.o
USB_SetCurrentMode                                build/stm32f1xx_ll_usb.o
                                                  build/stm32f1xx_hal_pcd.o
USB_SetDevAddress                                 build/stm32f1xx_ll_usb.o
                                                  build/stm32f1xx_hal_pcd.o
USB_StopDevice                                    build/stm32f1xx_ll_usb.o
                                                  build/stm32f1xx_hal_pcd.o
USB_WritePMA                                      build/stm32f1xx_ll_usb.o
                                                  build/stm32f1xx_hal_pcd.o
USB_WritePacket                                   build/stm32f1xx_ll_usb.o
UsageFault_Handler                                build/stm32f1xx_it.o
UserRxBufferFS                                    build/usbd_cdc_if.o
UserTxBufferFS                                    build/usbd_cdc_if.o
WWDG_IRQHandler                                   build/startup_stm32f103xb.o
_ITM_deregisterTMCloneTable                       f:/gnu mcu eclipse/arm embedded gcc/8.2.1-1.7-20190524-0603/bin/../lib/gcc/arm-none-eabi/8.2.1/thumb/v7-m/nofp/crtbegin.o
_ITM_registerTMCloneTable                         f:/gnu mcu eclipse/arm embedded gcc/8.2.1-1.7-20190524-0603/bin/../lib/gcc/arm-none-eabi/8.2.1/thumb/v7-m/nofp/crtbegin.o
__TMC_END__                                       f:/gnu mcu eclipse/arm embedded gcc/8.2.1-1.7-20190524-0603/bin/../lib/gcc/arm-none-eabi/8.2.1/thumb/v7-m/nofp/crtend.o
                                                  f:/gnu mcu eclipse/arm embedded gcc/8.2.1-1.7-20190524-0603/bin/../lib/gcc/arm-none-eabi/8.2.1/thumb/v7-m/nofp/crtbegin.o
__bss_end__                                       f:/gnu mcu eclipse/arm embedded gcc/8.2.1-1.7-20190524-0603/bin/../lib/gcc/arm-none-eabi/8.2.1/../../../../arm-none-eabi/lib/thumb/v7-m/nofp/crt0.o
__bss_start__                                     f:/gnu mcu eclipse/arm embedded gcc/8.2.1-1.7-20190524-0603/bin/../lib/gcc/arm-none-eabi/8.2.1/../../../../arm-none-eabi/lib/thumb/v7-m/nofp/crt0.o
__call_exitprocs                                  f:/gnu mcu eclipse/arm embedded gcc/8.2.1-1.7-20190524-0603/bin/../lib/gcc/arm-none-eabi/8.2.1/../../../../arm-none-eabi/lib/thumb/v7-m/nofp\libc_nano.a(lib_a-exit.o)
__deregister_frame_info                           f:/gnu mcu eclipse/arm embedded gcc/8.2.1-1.7-20190524-0603/bin/../lib/gcc/arm-none-eabi/8.2.1/thumb/v7-m/nofp/crtbegin.o
__dso_handle                                      f:/gnu mcu eclipse/arm embedded gcc/8.2.1-1.7-20190524-0603/bin/../lib/gcc/arm-none-eabi/8.2.1/thumb/v7-m/nofp/crtbegin.o
__init_array_end                                  f:/gnu mcu eclipse/arm embedded gcc/8.2.1-1.7-20190524-0603/bin/../lib/gcc/arm-none-eabi/8.2.1/../../../../arm-none-eabi/lib/thumb/v7-m/nofp\libc_nano.a(lib_a-init.o)
__init_array_start                                f:/gnu mcu eclipse/arm embedded gcc/8.2.1-1.7-20190524-0603/bin/../lib/gcc/arm-none-eabi/8.2.1/../../../../arm-none-eabi/lib/thumb/v7-m/nofp\libc_nano.a(lib_a-init.o)
__libc_fini_array                                 f:/gnu mcu eclipse/arm embedded gcc/8.2.1-1.7-20190524-0603/bin/../lib/gcc/arm-none-eabi/8.2.1/../../../../arm-none-eabi/lib/thumb/v7-m/nofp/crt0.o
__libc_init_array                                 f:/gnu mcu eclipse/arm embedded gcc/8.2.1-1.7-20190524-0603/bin/../lib/gcc/arm-none-eabi/8.2.1/../../../../arm-none-eabi/lib/thumb/v7-m/nofp\libc_nano.a(lib_a-init.o)
                                                  build/startup_stm32f103xb.o
                                                  f:/gnu mcu eclipse/arm embedded gcc/8.2.1-1.7-20190524-0603/bin/../lib/gcc/arm-none-eabi/8.2.1/../../../../arm-none-eabi/lib/thumb/v7-m/nofp/crt0.o
__preinit_array_end                               f:/gnu mcu eclipse/arm embedded gcc/8.2.1-1.7-20190524-0603/bin/../lib/gcc/arm-none-eabi/8.2.1/../../../../arm-none-eabi/lib/thumb/v7-m/nofp\libc_nano.a(lib_a-init.o)
__preinit_array_start                             f:/gnu mcu eclipse/arm embedded gcc/8.2.1-1.7-20190524-0603/bin/../lib/gcc/arm-none-eabi/8.2.1/../../../../arm-none-eabi/lib/thumb/v7-m/nofp\libc_nano.a(lib_a-init.o)
__register_frame_info                             f:/gnu mcu eclipse/arm embedded gcc/8.2.1-1.7-20190524-0603/bin/../lib/gcc/arm-none-eabi/8.2.1/thumb/v7-m/nofp/crtbegin.o
__sf_fake_stderr                                  f:/gnu mcu eclipse/arm embedded gcc/8.2.1-1.7-20190524-0603/bin/../lib/gcc/arm-none-eabi/8.2.1/../../../../arm-none-eabi/lib/thumb/v7-m/nofp\libc_nano.a(lib_a-impure.o)
__sf_fake_stdin                                   f:/gnu mcu eclipse/arm embedded gcc/8.2.1-1.7-20190524-0603/bin/../lib/gcc/arm-none-eabi/8.2.1/../../../../arm-none-eabi/lib/thumb/v7-m/nofp\libc_nano.a(lib_a-impure.o)
__sf_fake_stdout                                  f:/gnu mcu eclipse/arm embedded gcc/8.2.1-1.7-20190524-0603/bin/../lib/gcc/arm-none-eabi/8.2.1/../../../../arm-none-eabi/lib/thumb/v7-m/nofp\libc_nano.a(lib_a-impure.o)